Archive member included to satisfy reference by file (symbol)

c:/software/altera/15.1/nios2eds/bin/gnu/h-x86_64-mingw32/bin/../lib/gcc/nios2-elf/4.9.2/../../../../../H-x86_64-mingw32/nios2-elf/lib\libc.a(lib_a-puts.o)
                              obj/default/hello_world.o (puts)
c:/software/altera/15.1/nios2eds/bin/gnu/h-x86_64-mingw32/bin/../lib/gcc/nios2-elf/4.9.2/../../../../../H-x86_64-mingw32/nios2-elf/lib\libc.a(lib_a-strlen.o)
                              c:/software/altera/15.1/nios2eds/bin/gnu/h-x86_64-mingw32/bin/../lib/gcc/nios2-elf/4.9.2/../../../../../H-x86_64-mingw32/nios2-elf/lib\libc.a(lib_a-puts.o) (strlen)
c:/software/altera/15.1/nios2eds/bin/gnu/h-x86_64-mingw32/bin/../lib/gcc/nios2-elf/4.9.2/../../../../../H-x86_64-mingw32/nios2-elf/lib\libc.a(lib_a-fvwrite.o)
                              c:/software/altera/15.1/nios2eds/bin/gnu/h-x86_64-mingw32/bin/../lib/gcc/nios2-elf/4.9.2/../../../../../H-x86_64-mingw32/nios2-elf/lib\libc.a(lib_a-puts.o) (__sfvwrite_r)
c:/software/altera/15.1/nios2eds/bin/gnu/h-x86_64-mingw32/bin/../lib/gcc/nios2-elf/4.9.2/../../../../../H-x86_64-mingw32/nios2-elf/lib\libc.a(lib_a-impure.o)
                              c:/software/altera/15.1/nios2eds/bin/gnu/h-x86_64-mingw32/bin/../lib/gcc/nios2-elf/4.9.2/../../../../../H-x86_64-mingw32/nios2-elf/lib\libc.a(lib_a-puts.o) (_impure_ptr)
c:/software/altera/15.1/nios2eds/bin/gnu/h-x86_64-mingw32/bin/../lib/gcc/nios2-elf/4.9.2/../../../../../H-x86_64-mingw32/nios2-elf/lib\libc.a(lib_a-mallocr.o)
                              c:/software/altera/15.1/nios2eds/bin/gnu/h-x86_64-mingw32/bin/../lib/gcc/nios2-elf/4.9.2/../../../../../H-x86_64-mingw32/nios2-elf/lib\libc.a(lib_a-fvwrite.o) (_malloc_r)
c:/software/altera/15.1/nios2eds/bin/gnu/h-x86_64-mingw32/bin/../lib/gcc/nios2-elf/4.9.2/../../../../../H-x86_64-mingw32/nios2-elf/lib\libc.a(lib_a-memchr.o)
                              c:/software/altera/15.1/nios2eds/bin/gnu/h-x86_64-mingw32/bin/../lib/gcc/nios2-elf/4.9.2/../../../../../H-x86_64-mingw32/nios2-elf/lib\libc.a(lib_a-fvwrite.o) (memchr)
c:/software/altera/15.1/nios2eds/bin/gnu/h-x86_64-mingw32/bin/../lib/gcc/nios2-elf/4.9.2/../../../../../H-x86_64-mingw32/nios2-elf/lib\libc.a(lib_a-memcpy.o)
                              c:/software/altera/15.1/nios2eds/bin/gnu/h-x86_64-mingw32/bin/../lib/gcc/nios2-elf/4.9.2/../../../../../H-x86_64-mingw32/nios2-elf/lib\libc.a(lib_a-fvwrite.o) (memcpy)
c:/software/altera/15.1/nios2eds/bin/gnu/h-x86_64-mingw32/bin/../lib/gcc/nios2-elf/4.9.2/../../../../../H-x86_64-mingw32/nios2-elf/lib\libc.a(lib_a-memmove.o)
                              c:/software/altera/15.1/nios2eds/bin/gnu/h-x86_64-mingw32/bin/../lib/gcc/nios2-elf/4.9.2/../../../../../H-x86_64-mingw32/nios2-elf/lib\libc.a(lib_a-fvwrite.o) (memmove)
c:/software/altera/15.1/nios2eds/bin/gnu/h-x86_64-mingw32/bin/../lib/gcc/nios2-elf/4.9.2/../../../../../H-x86_64-mingw32/nios2-elf/lib\libc.a(lib_a-reallocr.o)
                              c:/software/altera/15.1/nios2eds/bin/gnu/h-x86_64-mingw32/bin/../lib/gcc/nios2-elf/4.9.2/../../../../../H-x86_64-mingw32/nios2-elf/lib\libc.a(lib_a-fvwrite.o) (_realloc_r)
c:/software/altera/15.1/nios2eds/bin/gnu/h-x86_64-mingw32/bin/../lib/gcc/nios2-elf/4.9.2/../../../../../H-x86_64-mingw32/nios2-elf/lib\libc.a(lib_a-sbrkr.o)
                              c:/software/altera/15.1/nios2eds/bin/gnu/h-x86_64-mingw32/bin/../lib/gcc/nios2-elf/4.9.2/../../../../../H-x86_64-mingw32/nios2-elf/lib\libc.a(lib_a-mallocr.o) (_sbrk_r)
c:/software/altera/15.1/nios2eds/bin/gnu/h-x86_64-mingw32/bin/../lib/gcc/nios2-elf/4.9.2/../../../../../H-x86_64-mingw32/nios2-elf/lib\libc.a(lib_a-wsetup.o)
                              c:/software/altera/15.1/nios2eds/bin/gnu/h-x86_64-mingw32/bin/../lib/gcc/nios2-elf/4.9.2/../../../../../H-x86_64-mingw32/nios2-elf/lib\libc.a(lib_a-fvwrite.o) (__swsetup_r)
c:/software/altera/15.1/nios2eds/bin/gnu/h-x86_64-mingw32/bin/../lib/gcc/nios2-elf/4.9.2/../../../../../H-x86_64-mingw32/nios2-elf/lib\libc.a(lib_a-fflush.o)
                              c:/software/altera/15.1/nios2eds/bin/gnu/h-x86_64-mingw32/bin/../lib/gcc/nios2-elf/4.9.2/../../../../../H-x86_64-mingw32/nios2-elf/lib\libc.a(lib_a-fvwrite.o) (_fflush_r)
c:/software/altera/15.1/nios2eds/bin/gnu/h-x86_64-mingw32/bin/../lib/gcc/nios2-elf/4.9.2/../../../../../H-x86_64-mingw32/nios2-elf/lib\libc.a(lib_a-findfp.o)
                              c:/software/altera/15.1/nios2eds/bin/gnu/h-x86_64-mingw32/bin/../lib/gcc/nios2-elf/4.9.2/../../../../../H-x86_64-mingw32/nios2-elf/lib\libc.a(lib_a-wsetup.o) (__sinit)
c:/software/altera/15.1/nios2eds/bin/gnu/h-x86_64-mingw32/bin/../lib/gcc/nios2-elf/4.9.2/../../../../../H-x86_64-mingw32/nios2-elf/lib\libc.a(lib_a-freer.o)
                              c:/software/altera/15.1/nios2eds/bin/gnu/h-x86_64-mingw32/bin/../lib/gcc/nios2-elf/4.9.2/../../../../../H-x86_64-mingw32/nios2-elf/lib\libc.a(lib_a-fvwrite.o) (_free_r)
[...]
Memory Configuration

Name             Origin             Length             Attributes
lpddr2           0x0000000000000000 0x0000000020000000
reset            0x0000000020080000 0x0000000000000020
sram             0x0000000020080020 0x000000000007ffe0
*default*        0x0000000000000000 0xffffffffffffffff

Linker script and memory map

LOAD ../twod_IDCT_01_bsp//obj/HAL/src/crt0.o
LOAD obj/default/hello_world.o
LOAD c:/software/altera/15.1/nios2eds/bin/gnu/h-x86_64-mingw32/bin/../lib/gcc/nios2-elf/4.9.2/../../../../../H-x86_64-mingw32/nios2-elf/lib\libstdc++.a
LOAD c:/software/altera/15.1/nios2eds/bin/gnu/h-x86_64-mingw32/bin/../lib/gcc/nios2-elf/4.9.2/../../../../../H-x86_64-mingw32/nios2-elf/lib\libm.a
LOAD c:/software/altera/15.1/nios2eds/bin/gnu/h-x86_64-mingw32/bin/../lib/gcc/nios2-elf/4.9.2\libgcc.a
START GROUP
LOAD c:/software/altera/15.1/nios2eds/bin/gnu/h-x86_64-mingw32/bin/../lib/gcc/nios2-elf/4.9.2/../../../../../H-x86_64-mingw32/nios2-elf/lib\libc.a
LOAD c:/software/altera/15.1/nios2eds/bin/gnu/h-x86_64-mingw32/bin/../lib/gcc/nios2-elf/4.9.2\libgcc.a
LOAD ../twod_IDCT_01_bsp/\libhal_bsp.a
LOAD c:/software/altera/15.1/nios2eds/bin/gnu/h-x86_64-mingw32/bin/../lib/gcc/nios2-elf/4.9.2/../../../../../H-x86_64-mingw32/nios2-elf/lib\libm.a
END GROUP
LOAD c:/software/altera/15.1/nios2eds/bin/gnu/h-x86_64-mingw32/bin/../lib/gcc/nios2-elf/4.9.2\libgcc.a
                0x0000000000000000                __alt_mem_lpddr2 = 0x0
                0x0000000020080000                __alt_mem_sram = 0x20080000

.entry          0x0000000020080000       0x20
 *(.entry)
 .entry         0x0000000020080000       0x20 ../twod_IDCT_01_bsp//obj/HAL/src/crt0.o
                0x0000000020080000                __reset

.exceptions     0x0000000020080020      0x220
                0x0000000020080020                PROVIDE (__ram_exceptions_start, ABSOLUTE (.))
                0x0000000020080020                . = ALIGN (0x20)
 *(.irq)
 *(.exceptions.entry.label)
 .exceptions.entry.label
                0x0000000020080020        0x0 ../twod_IDCT_01_bsp/\libhal_bsp.a(alt_irq_entry.o)
                0x0000000020080020                alt_irq_entry
 .exceptions.entry.label
                0x0000000020080020        0x0 ../twod_IDCT_01_bsp/\libhal_bsp.a(alt_exception_entry.o)
                0x0000000020080020                alt_exception
 *(.exceptions.entry.user)
 *(.exceptions.entry.ecc_fatal)
 *(.exceptions.entry)
 .exceptions.entry
                0x0000000020080020       0x54 ../twod_IDCT_01_bsp/\libhal_bsp.a(alt_exception_entry.o)
 *(.exceptions.irqtest.user)
 *(.exceptions.irqtest)
 .exceptions.irqtest
                0x0000000020080074       0x10 ../twod_IDCT_01_bsp/\libhal_bsp.a(alt_irq_entry.o)
 *(.exceptions.irqhandler.user)
 *(.exceptions.irqhandler)
 .exceptions.irqhandler
                0x0000000020080084        0x4 ../twod_IDCT_01_bsp/\libhal_bsp.a(alt_irq_entry.o)
 *(.exceptions.irqreturn.user)
 *(.exceptions.irqreturn)
 .exceptions.irqreturn
                0x0000000020080088        0x4 ../twod_IDCT_01_bsp/\libhal_bsp.a(alt_irq_entry.o)
 *(.exceptions.notirq.label)
 .exceptions.notirq.label
                0x000000002008008c        0x0 ../twod_IDCT_01_bsp/\libhal_bsp.a(alt_irq_entry.o)
 *(.exceptions.notirq.user)
 *(.exceptions.notirq)
 .exceptions.notirq
                0x000000002008008c        0x8 ../twod_IDCT_01_bsp/\libhal_bsp.a(alt_exception_entry.o)
 *(.exceptions.soft.user)
 *(.exceptions.soft)
 *(.exceptions.unknown.user)
 *(.exceptions.unknown)
 .exceptions.unknown
                0x0000000020080094       0x14 ../twod_IDCT_01_bsp/\libhal_bsp.a(alt_exception_entry.o)
 *(.exceptions.exit.label)
 .exceptions.exit.label
                0x00000000200800a8        0x0 ../twod_IDCT_01_bsp/\libhal_bsp.a(alt_irq_entry.o)
 .exceptions.exit.label
                0x00000000200800a8        0x0 ../twod_IDCT_01_bsp/\libhal_bsp.a(alt_exception_entry.o)
 *(.exceptions.exit.user)
 *(.exceptions.exit)
 .exceptions.exit
                0x00000000200800a8       0x54 ../twod_IDCT_01_bsp/\libhal_bsp.a(alt_exception_entry.o)
 *(.exceptions)
 .exceptions    0x00000000200800fc       0xd0 ../twod_IDCT_01_bsp/\libhal_bsp.a(alt_irq_handler.o)
                0x00000000200800fc                alt_irq_handler
 .exceptions    0x00000000200801cc       0x74 ../twod_IDCT_01_bsp/\libhal_bsp.a(alt_instruction_exception_entry.o)
                0x00000000200801cc                alt_instruction_exception_entry
                0x0000000020080240                PROVIDE (__ram_exceptions_end, ABSOLUTE (.))
                0x0000000020080020                PROVIDE (__flash_exceptions_start, LOADADDR (.exceptions))

.text           0x0000000020080240     0x7b00
                0x0000000020080240                PROVIDE (stext, ABSOLUTE (.))
 *(.interp)
 *(.hash)
 *(.dynsym)
 *(.dynstr)
 *(.gnu.version)
 *(.gnu.version_d)
 *(.gnu.version_r)
 *(.rel.init)
 *(.rela.init)
 *(.rel.text .rel.text.* .rel.gnu.linkonce.t.*)
 *(.rela.text .rela.text.* .rela.gnu.linkonce.t.*)
 *(.rel.fini)
 *(.rela.fini)
 *(.rel.rodata .rel.rodata.* .rel.gnu.linkonce.r.*)
 *(.rela.rodata .rela.rodata.* .rela.gnu.linkonce.r.*)
 *(.rel.data .rel.data.* .rel.gnu.linkonce.d.*)
 *(.rela.data .rela.data.* .rela.gnu.linkonce.d.*)
 *(.rel.tdata .rel.tdata.* .rel.gnu.linkonce.td.*)
 *(.rela.tdata .rela.tdata.* .rela.gnu.linkonce.td.*)
 *(.rel.tbss .rel.tbss.* .rel.gnu.linkonce.tb.*)
 *(.rela.tbss .rela.tbss.* .rela.gnu.linkonce.tb.*)
 *(.rel.ctors)
 *(.rela.ctors)
 *(.rel.dtors)
 *(.rela.dtors)
 *(.rel.got)
 *(.rela.got)
 *(.rel.sdata .rel.sdata.* .rel.gnu.linkonce.s.*)
 *(.rela.sdata .rela.sdata.* .rela.gnu.linkonce.s.*)
 *(.rel.sbss .rel.sbss.* .rel.gnu.linkonce.sb.*)
 *(.rela.sbss .rela.sbss.* .rela.gnu.linkonce.sb.*)
 *(.rel.sdata2 .rel.sdata2.* .rel.gnu.linkonce.s2.*)
 *(.rela.sdata2 .rela.sdata2.* .rela.gnu.linkonce.s2.*)
 *(.rel.sbss2 .rel.sbss2.* .rel.gnu.linkonce.sb2.*)
 *(.rela.sbss2 .rela.sbss2.* .rela.gnu.linkonce.sb2.*)
 *(.rel.bss .rel.bss.* .rel.gnu.linkonce.b.*)
 *(.rela.bss .rela.bss.* .rela.gnu.linkonce.b.*)
 *(.rel.plt)
 *(.rela.plt)
 *(.rel.dyn)
 *(.init)
 *(.plt)
 *(.text .stub .text.* .gnu.linkonce.t.*)
 .text          0x0000000020080240       0x4c ../twod_IDCT_01_bsp//obj/HAL/src/crt0.o
                0x0000000020080240                _start
 .text          0x000000002008028c       0x34 obj/default/hello_world.o
                0x000000002008028c                main
 .text          0x00000000200802c0        0x0 c:/software/altera/15.1/nios2eds/bin/gnu/h-x86_64-mingw32/bin/../lib/gcc/nios2-elf/4.9.2/../../../../../H-x86_64-mingw32/nios2-elf/lib\libc.a(lib_a-puts.o)
 .text._puts_r  0x00000000200802c0       0xa8 c:/software/altera/15.1/nios2eds/bin/gnu/h-x86_64-mingw32/bin/../lib/gcc/nios2-elf/4.9.2/../../../../../H-x86_64-mingw32/nios2-elf/lib\libc.a(lib_a-puts.o)
                0x00000000200802c0                _puts_r
 .text.puts     0x0000000020080368       0x14 c:/software/altera/15.1/nios2eds/bin/gnu/h-x86_64-mingw32/bin/../lib/gcc/nios2-elf/4.9.2/../../../../../H-x86_64-mingw32/nios2-elf/lib\libc.a(lib_a-puts.o)
                0x0000000020080368                puts
 .text          0x000000002008037c        0x0 c:/software/altera/15.1/nios2eds/bin/gnu/h-x86_64-mingw32/bin/../lib/gcc/nios2-elf/4.9.2/../../../../../H-x86_64-mingw32/nios2-elf/lib\libc.a(lib_a-strlen.o)
 .text.strlen   0x000000002008037c       0x98 c:/software/altera/15.1/nios2eds/bin/gnu/h-x86_64-mingw32/bin/../lib/gcc/nios2-elf/4.9.2/../../../../../H-x86_64-mingw32/nios2-elf/lib\libc.a(lib_a-strlen.o)
                0x000000002008037c                strlen
 .text          0x0000000020080414        0x0 c:/software/altera/15.1/nios2eds/bin/gnu/h-x86_64-mingw32/bin/../lib/gcc/nios2-elf/4.9.2/../../../../../H-x86_64-mingw32/nios2-elf/lib\libc.a(lib_a-fvwrite.o)
 .text.__sfvwrite_r
                0x0000000020080414      0x4c0 c:/software/altera/15.1/nios2eds/bin/gnu/h-x86_64-mingw32/bin/../lib/gcc/nios2-elf/4.9.2/../../../../../H-x86_64-mingw32/nios2-elf/lib\libc.a(lib_a-fvwrite.o)
                0x0000000020080414                __sfvwrite_r
 .text          0x00000000200808d4        0x0 c:/software/altera/15.1/nios2eds/bin/gnu/h-x86_64-mingw32/bin/../lib/gcc/nios2-elf/4.9.2/../../../../../H-x86_64-mingw32/nios2-elf/lib\libc.a(lib_a-impure.o)
 .text          0x00000000200808d4        0x0 c:/software/altera/15.1/nios2eds/bin/gnu/h-x86_64-mingw32/bin/../lib/gcc/nios2-elf/4.9.2/../../../../../H-x86_64-mingw32/nios2-elf/lib\libc.a(lib_a-mallocr.o)
 .text._malloc_r
                0x00000000200808d4      0x7a8 c:/software/altera/15.1/nios2eds/bin/gnu/h-x86_64-mingw32/bin/../lib/gcc/nios2-elf/4.9.2/../../../../../H-x86_64-mingw32/nios2-elf/lib\libc.a(lib_a-mallocr.o)
                0x00000000200808d4                _malloc_r
 .text          0x000000002008107c        0x0 c:/software/altera/15.1/nios2eds/bin/gnu/h-x86_64-mingw32/bin/../lib/gcc/nios2-elf/4.9.2/../../../../../H-x86_64-mingw32/nios2-elf/lib\libc.a(lib_a-memchr.o)
 .text.memchr   0x000000002008107c       0xe8 c:/software/altera/15.1/nios2eds/bin/gnu/h-x86_64-mingw32/bin/../lib/gcc/nios2-elf/4.9.2/../../../../../H-x86_64-mingw32/nios2-elf/lib\libc.a(lib_a-memchr.o)
                0x000000002008107c                memchr
 .text          0x0000000020081164        0x0 c:/software/altera/15.1/nios2eds/bin/gnu/h-x86_64-mingw32/bin/../lib/gcc/nios2-elf/4.9.2/../../../../../H-x86_64-mingw32/nios2-elf/lib\libc.a(lib_a-memcpy.o)
 .text.memcpy   0x0000000020081164      0x138 c:/software/altera/15.1/nios2eds/bin/gnu/h-x86_64-mingw32/bin/../lib/gcc/nios2-elf/4.9.2/../../../../../H-x86_64-mingw32/nios2-elf/lib\libc.a(lib_a-memcpy.o)
                0x0000000020081164                memcpy
 .text          0x000000002008129c        0x0 c:/software/altera/15.1/nios2eds/bin/gnu/h-x86_64-mingw32/bin/../lib/gcc/nios2-elf/4.9.2/../../../../../H-x86_64-mingw32/nios2-elf/lib\libc.a(lib_a-memmove.o)
 .text.memmove  0x000000002008129c      0x15c c:/software/altera/15.1/nios2eds/bin/gnu/h-x86_64-mingw32/bin/../lib/gcc/nios2-elf/4.9.2/../../../../../H-x86_64-mingw32/nios2-elf/lib\libc.a(lib_a-memmove.o)
                0x000000002008129c                memmove
 .text          0x00000000200813f8        0x0 c:/software/altera/15.1/nios2eds/bin/gnu/h-x86_64-mingw32/bin/../lib/gcc/nios2-elf/4.9.2/../../../../../H-x86_64-mingw32/nios2-elf/lib\libc.a(lib_a-reallocr.o)
 .text._realloc_r
                0x00000000200813f8      0x568 c:/software/altera/15.1/nios2eds/bin/gnu/h-x86_64-mingw32/bin/../lib/gcc/nios2-elf/4.9.2/../../../../../H-x86_64-mingw32/nios2-elf/lib\libc.a(lib_a-reallocr.o)
                0x00000000200813f8                _realloc_r
 .text          0x0000000020081960        0x0 c:/software/altera/15.1/nios2eds/bin/gnu/h-x86_64-mingw32/bin/../lib/gcc/nios2-elf/4.9.2/../../../../../H-x86_64-mingw32/nios2-elf/lib\libc.a(lib_a-sbrkr.o)
 .text._sbrk_r  0x0000000020081960       0x54 c:/software/altera/15.1/nios2eds/bin/gnu/h-x86_64-mingw32/bin/../lib/gcc/nios2-elf/4.9.2/../../../../../H-x86_64-mingw32/nios2-elf/lib\libc.a(lib_a-sbrkr.o)
                0x0000000020081960                _sbrk_r
 .text          0x00000000200819b4        0x0 c:/software/altera/15.1/nios2eds/bin/gnu/h-x86_64-mingw32/bin/../lib/gcc/nios2-elf/4.9.2/../../../../../H-x86_64-mingw32/nios2-elf/lib\libc.a(lib_a-wsetup.o)
 .text.__swsetup_r
                0x00000000200819b4      0x154 c:/software/altera/15.1/nios2eds/bin/gnu/h-x86_64-mingw32/bin/../lib/gcc/nios2-elf/4.9.2/../../../../../H-x86_64-mingw32/nios2-elf/lib\libc.a(lib_a-wsetup.o)
                0x00000000200819b4                __swsetup_r
 .text          0x0000000020081b08        0x0 c:/software/altera/15.1/nios2eds/bin/gnu/h-x86_64-mingw32/bin/../lib/gcc/nios2-elf/4.9.2/../../../../../H-x86_64-mingw32/nios2-elf/lib\libc.a(lib_a-fflush.o)
 .text.__sflush_r
                0x0000000020081b08      0x208 c:/software/altera/15.1/nios2eds/bin/gnu/h-x86_64-mingw32/bin/../lib/gcc/nios2-elf/4.9.2/../../../../../H-x86_64-mingw32/nios2-elf/lib\libc.a(lib_a-fflush.o)
                0x0000000020081b08                __sflush_r
 .text._fflush_r
                0x0000000020081d10       0x5c c:/software/altera/15.1/nios2eds/bin/gnu/h-x86_64-mingw32/bin/../lib/gcc/nios2-elf/4.9.2/../../../../../H-x86_64-mingw32/nios2-elf/lib\libc.a(lib_a-fflush.o)
                0x0000000020081d10                _fflush_r
 .text.fflush   0x0000000020081d6c       0x30 c:/software/altera/15.1/nios2eds/bin/gnu/h-x86_64-mingw32/bin/../lib/gcc/nios2-elf/4.9.2/../../../../../H-x86_64-mingw32/nios2-elf/lib\libc.a(lib_a-fflush.o)
                0x0000000020081d6c                fflush
 .text          0x0000000020081d9c        0x0 c:/software/altera/15.1/nios2eds/bin/gnu/h-x86_64-mingw32/bin/../lib/gcc/nios2-elf/4.9.2/../../../../../H-x86_64-mingw32/nios2-elf/lib\libc.a(lib_a-findfp.o)
 .text.__fp_lock
                0x0000000020081d9c        0x8 c:/software/altera/15.1/nios2eds/bin/gnu/h-x86_64-mingw32/bin/../lib/gcc/nios2-elf/4.9.2/../../../../../H-x86_64-mingw32/nios2-elf/lib\libc.a(lib_a-findfp.o)
 .text.__fp_unlock
                0x0000000020081da4        0x8 c:/software/altera/15.1/nios2eds/bin/gnu/h-x86_64-mingw32/bin/../lib/gcc/nios2-elf/4.9.2/../../../../../H-x86_64-mingw32/nios2-elf/lib\libc.a(lib_a-findfp.o)
 .text._cleanup_r
                0x0000000020081dac        0xc c:/software/altera/15.1/nios2eds/bin/gnu/h-x86_64-mingw32/bin/../lib/gcc/nios2-elf/4.9.2/../../../../../H-x86_64-mingw32/nios2-elf/lib\libc.a(lib_a-findfp.o)
                0x0000000020081dac                _cleanup_r
 .text.__sinit.part.1
                0x0000000020081db8      0x19c c:/software/altera/15.1/nios2eds/bin/gnu/h-x86_64-mingw32/bin/../lib/gcc/nios2-elf/4.9.2/../../../../../H-x86_64-mingw32/nios2-elf/lib\libc.a(lib_a-findfp.o)
 .text.__sfmoreglue
                0x0000000020081f54       0x68 c:/software/altera/15.1/nios2eds/bin/gnu/h-x86_64-mingw32/bin/../lib/gcc/nios2-elf/4.9.2/../../../../../H-x86_64-mingw32/nios2-elf/lib\libc.a(lib_a-findfp.o)
                0x0000000020081f54                __sfmoreglue
 .text.__sfp    0x0000000020081fbc      0x118 c:/software/altera/15.1/nios2eds/bin/gnu/h-x86_64-mingw32/bin/../lib/gcc/nios2-elf/4.9.2/../../../../../H-x86_64-mingw32/nios2-elf/lib\libc.a(lib_a-findfp.o)
                0x0000000020081fbc                __sfp
 .text._cleanup
                0x00000000200820d4       0x18 c:/software/altera/15.1/nios2eds/bin/gnu/h-x86_64-mingw32/bin/../lib/gcc/nios2-elf/4.9.2/../../../../../H-x86_64-mingw32/nios2-elf/lib\libc.a(lib_a-findfp.o)
                0x00000000200820d4                _cleanup
 .text.__sinit  0x00000000200820ec       0x10 c:/software/altera/15.1/nios2eds/bin/gnu/h-x86_64-mingw32/bin/../lib/gcc/nios2-elf/4.9.2/../../../../../H-x86_64-mingw32/nios2-elf/lib\libc.a(lib_a-findfp.o)
                0x00000000200820ec                __sinit
 .text.__sfp_lock_acquire
                0x00000000200820fc        0x4 c:/software/altera/15.1/nios2eds/bin/gnu/h-x86_64-mingw32/bin/../lib/gcc/nios2-elf/4.9.2/../../../../../H-x86_64-mingw32/nios2-elf/lib\libc.a(lib_a-findfp.o)
                0x00000000200820fc                __sfp_lock_acquire
 .text.__sfp_lock_release
                0x0000000020082100        0x4 c:/software/altera/15.1/nios2eds/bin/gnu/h-x86_64-mingw32/bin/../lib/gcc/nios2-elf/4.9.2/../../../../../H-x86_64-mingw32/nios2-elf/lib\libc.a(lib_a-findfp.o)
                0x0000000020082100                __sfp_lock_release
 .text.__sinit_lock_acquire
                0x0000000020082104        0x4 c:/software/altera/15.1/nios2eds/bin/gnu/h-x86_64-mingw32/bin/../lib/gcc/nios2-elf/4.9.2/../../../../../H-x86_64-mingw32/nios2-elf/lib\libc.a(lib_a-findfp.o)
                0x0000000020082104                __sinit_lock_acquire
 .text.__sinit_lock_release
                0x0000000020082108        0x4 c:/software/altera/15.1/nios2eds/bin/gnu/h-x86_64-mingw32/bin/../lib/gcc/nios2-elf/4.9.2/../../../../../H-x86_64-mingw32/nios2-elf/lib\libc.a(lib_a-findfp.o)
                0x0000000020082108                __sinit_lock_release
 .text.__fp_lock_all
                0x000000002008210c       0x18 c:/software/altera/15.1/nios2eds/bin/gnu/h-x86_64-mingw32/bin/../lib/gcc/nios2-elf/4.9.2/../../../../../H-x86_64-mingw32/nios2-elf/lib\libc.a(lib_a-findfp.o)
                0x000000002008210c                __fp_lock_all
 .text.__fp_unlock_all
                0x0000000020082124       0x18 c:/software/altera/15.1/nios2eds/bin/gnu/h-x86_64-mingw32/bin/../lib/gcc/nios2-elf/4.9.2/../../../../../H-x86_64-mingw32/nios2-elf/lib\libc.a(lib_a-findfp.o)
                0x0000000020082124                __fp_unlock_all
 .text          0x000000002008213c        0x0 c:/software/altera/15.1/nios2eds/bin/gnu/h-x86_64-mingw32/bin/../lib/gcc/nios2-elf/4.9.2/../../../../../H-x86_64-mingw32/nios2-elf/lib\libc.a(lib_a-freer.o)
 .text._malloc_trim_r
                0x000000002008213c      0x124 c:/software/altera/15.1/nios2eds/bin/gnu/h-x86_64-mingw32/bin/../lib/gcc/nios2-elf/4.9.2/../../../../../H-x86_64-mingw32/nios2-elf/lib\libc.a(lib_a-freer.o)
                0x000000002008213c                _malloc_trim_r
 .text._free_r  0x0000000020082260      0x2f0 c:/software/altera/15.1/nios2eds/bin/gnu/h-x86_64-mingw32/bin/../lib/gcc/nios2-elf/4.9.2/../../../../../H-x86_64-mingw32/nios2-elf/lib\libc.a(lib_a-freer.o)
                0x0000000020082260                _free_r
 .text          0x0000000020082550        0x0 c:/software/altera/15.1/nios2eds/bin/gnu/h-x86_64-mingw32/bin/../lib/gcc/nios2-elf/4.9.2/../../../../../H-x86_64-mingw32/nios2-elf/lib\libc.a(lib_a-fwalk.o)
 .text._fwalk   0x0000000020082550       0xc4 c:/software/altera/15.1/nios2eds/bin/gnu/h-x86_64-mingw32/bin/../lib/gcc/nios2-elf/4.9.2/../../../../../H-x86_64-mingw32/nios2-elf/lib\libc.a(lib_a-fwalk.o)
                0x0000000020082550                _fwalk
 .text._fwalk_reent
                0x0000000020082614       0xc4 c:/software/altera/15.1/nios2eds/bin/gnu/h-x86_64-mingw32/bin/../lib/gcc/nios2-elf/4.9.2/../../../../../H-x86_64-mingw32/nios2-elf/lib\libc.a(lib_a-fwalk.o)
                0x0000000020082614                _fwalk_reent
 .text          0x00000000200826d8        0x0 c:/software/altera/15.1/nios2eds/bin/gnu/h-x86_64-mingw32/bin/../lib/gcc/nios2-elf/4.9.2/../../../../../H-x86_64-mingw32/nios2-elf/lib\libc.a(lib_a-int_errno.o)
 .text          0x00000000200826d8        0x0 c:/software/altera/15.1/nios2eds/bin/gnu/h-x86_64-mingw32/bin/../lib/gcc/nios2-elf/4.9.2/../../../../../H-x86_64-mingw32/nios2-elf/lib\libc.a(lib_a-makebuf.o)
 .text.__smakebuf_r
                0x00000000200826d8      0x1b8 c:/software/altera/15.1/nios2eds/bin/gnu/h-x86_64-mingw32/bin/../lib/gcc/nios2-elf/4.9.2/../../../../../H-x86_64-mingw32/nios2-elf/lib\libc.a(lib_a-makebuf.o)
                0x00000000200826d8                __smakebuf_r
 .text          0x0000000020082890        0x0 c:/software/altera/15.1/nios2eds/bin/gnu/h-x86_64-mingw32/bin/../lib/gcc/nios2-elf/4.9.2/../../../../../H-x86_64-mingw32/nios2-elf/lib\libc.a(lib_a-memset.o)
 .text.memset   0x0000000020082890      0x124 c:/software/altera/15.1/nios2eds/bin/gnu/h-x86_64-mingw32/bin/../lib/gcc/nios2-elf/4.9.2/../../../../../H-x86_64-mingw32/nios2-elf/lib\libc.a(lib_a-memset.o)
                0x0000000020082890                memset
 .text          0x00000000200829b4        0x0 c:/software/altera/15.1/nios2eds/bin/gnu/h-x86_64-mingw32/bin/../lib/gcc/nios2-elf/4.9.2/../../../../../H-x86_64-mingw32/nios2-elf/lib\libc.a(lib_a-stdio.o)
 .text.__sread  0x00000000200829b4       0x54 c:/software/altera/15.1/nios2eds/bin/gnu/h-x86_64-mingw32/bin/../lib/gcc/nios2-elf/4.9.2/../../../../../H-x86_64-mingw32/nios2-elf/lib\libc.a(lib_a-stdio.o)
                0x00000000200829b4                __sread
 .text.__seofread
                0x0000000020082a08        0x8 c:/software/altera/15.1/nios2eds/bin/gnu/h-x86_64-mingw32/bin/../lib/gcc/nios2-elf/4.9.2/../../../../../H-x86_64-mingw32/nios2-elf/lib\libc.a(lib_a-stdio.o)
                0x0000000020082a08                __seofread
 .text.__swrite
                0x0000000020082a10       0x7c c:/software/altera/15.1/nios2eds/bin/gnu/h-x86_64-mingw32/bin/../lib/gcc/nios2-elf/4.9.2/../../../../../H-x86_64-mingw32/nios2-elf/lib\libc.a(lib_a-stdio.o)
                0x0000000020082a10                __swrite
 .text.__sseek  0x0000000020082a8c       0x5c c:/software/altera/15.1/nios2eds/bin/gnu/h-x86_64-mingw32/bin/../lib/gcc/nios2-elf/4.9.2/../../../../../H-x86_64-mingw32/nios2-elf/lib\libc.a(lib_a-stdio.o)
                0x0000000020082a8c                __sseek
 .text.__sclose
                0x0000000020082ae8        0x8 c:/software/altera/15.1/nios2eds/bin/gnu/h-x86_64-mingw32/bin/../lib/gcc/nios2-elf/4.9.2/../../../../../H-x86_64-mingw32/nios2-elf/lib\libc.a(lib_a-stdio.o)
                0x0000000020082ae8                __sclose
 .text          0x0000000020082af0        0x0 c:/software/altera/15.1/nios2eds/bin/gnu/h-x86_64-mingw32/bin/../lib/gcc/nios2-elf/4.9.2/../../../../../H-x86_64-mingw32/nios2-elf/lib\libc.a(lib_a-writer.o)
 .text._write_r
                0x0000000020082af0       0x5c c:/software/altera/15.1/nios2eds/bin/gnu/h-x86_64-mingw32/bin/../lib/gcc/nios2-elf/4.9.2/../../../../../H-x86_64-mingw32/nios2-elf/lib\libc.a(lib_a-writer.o)
                0x0000000020082af0                _write_r
 .text          0x0000000020082b4c        0x0 c:/software/altera/15.1/nios2eds/bin/gnu/h-x86_64-mingw32/bin/../lib/gcc/nios2-elf/4.9.2/../../../../../H-x86_64-mingw32/nios2-elf/lib\libc.a(closer.o)
 .text._close_r
                0x0000000020082b4c       0x54 c:/software/altera/15.1/nios2eds/bin/gnu/h-x86_64-mingw32/bin/../lib/gcc/nios2-elf/4.9.2/../../../../../H-x86_64-mingw32/nios2-elf/lib\libc.a(closer.o)
                0x0000000020082b4c                _close_r
 .text          0x0000000020082ba0        0x0 c:/software/altera/15.1/nios2eds/bin/gnu/h-x86_64-mingw32/bin/../lib/gcc/nios2-elf/4.9.2/../../../../../H-x86_64-mingw32/nios2-elf/lib\libc.a(lib_a-fclose.o)
 .text._fclose_r
                0x0000000020082ba0       0xf0 c:/software/altera/15.1/nios2eds/bin/gnu/h-x86_64-mingw32/bin/../lib/gcc/nios2-elf/4.9.2/../../../../../H-x86_64-mingw32/nios2-elf/lib\libc.a(lib_a-fclose.o)
                0x0000000020082ba0                _fclose_r
 .text.fclose   0x0000000020082c90       0x14 c:/software/altera/15.1/nios2eds/bin/gnu/h-x86_64-mingw32/bin/../lib/gcc/nios2-elf/4.9.2/../../../../../H-x86_64-mingw32/nios2-elf/lib\libc.a(lib_a-fclose.o)
                0x0000000020082c90                fclose
 .text          0x0000000020082ca4        0x0 c:/software/altera/15.1/nios2eds/bin/gnu/h-x86_64-mingw32/bin/../lib/gcc/nios2-elf/4.9.2/../../../../../H-x86_64-mingw32/nios2-elf/lib\libc.a(lib_a-fstatr.o)
 .text._fstat_r
                0x0000000020082ca4       0x58 c:/software/altera/15.1/nios2eds/bin/gnu/h-x86_64-mingw32/bin/../lib/gcc/nios2-elf/4.9.2/../../../../../H-x86_64-mingw32/nios2-elf/lib\libc.a(lib_a-fstatr.o)
                0x0000000020082ca4                _fstat_r
 .text          0x0000000020082cfc        0x0 c:/software/altera/15.1/nios2eds/bin/gnu/h-x86_64-mingw32/bin/../lib/gcc/nios2-elf/4.9.2/../../../../../H-x86_64-mingw32/nios2-elf/lib\libc.a(lib_a-isattyr.o)
 .text._isatty_r
                0x0000000020082cfc       0x54 c:/software/altera/15.1/nios2eds/bin/gnu/h-x86_64-mingw32/bin/../lib/gcc/nios2-elf/4.9.2/../../../../../H-x86_64-mingw32/nios2-elf/lib\libc.a(lib_a-isattyr.o)
                0x0000000020082cfc                _isatty_r
 .text          0x0000000020082d50        0x0 c:/software/altera/15.1/nios2eds/bin/gnu/h-x86_64-mingw32/bin/../lib/gcc/nios2-elf/4.9.2/../../../../../H-x86_64-mingw32/nios2-elf/lib\libc.a(lib_a-lseekr.o)
 .text._lseek_r
                0x0000000020082d50       0x5c c:/software/altera/15.1/nios2eds/bin/gnu/h-x86_64-mingw32/bin/../lib/gcc/nios2-elf/4.9.2/../../../../../H-x86_64-mingw32/nios2-elf/lib\libc.a(lib_a-lseekr.o)
                0x0000000020082d50                _lseek_r
 .text          0x0000000020082dac        0x0 c:/software/altera/15.1/nios2eds/bin/gnu/h-x86_64-mingw32/bin/../lib/gcc/nios2-elf/4.9.2/../../../../../H-x86_64-mingw32/nios2-elf/lib\libc.a(lib_a-readr.o)
 .text._read_r  0x0000000020082dac       0x5c c:/software/altera/15.1/nios2eds/bin/gnu/h-x86_64-mingw32/bin/../lib/gcc/nios2-elf/4.9.2/../../../../../H-x86_64-mingw32/nios2-elf/lib\libc.a(lib_a-readr.o)
                0x0000000020082dac                _read_r
 .text          0x0000000020082e08      0x12c c:/software/altera/15.1/nios2eds/bin/gnu/h-x86_64-mingw32/bin/../lib/gcc/nios2-elf/4.9.2\libgcc.a(lib2-divmod.o)
                0x0000000020082e74                __divsi3
                0x0000000020082ec8                __modsi3
                0x0000000020082f24                __udivsi3
                0x0000000020082f2c                __umodsi3
 .text          0x0000000020082f34      0x120 ../twod_IDCT_01_bsp/\libhal_bsp.a(alt_close.o)
                0x0000000020082f84                close
 .text          0x0000000020083054       0x2c ../twod_IDCT_01_bsp/\libhal_bsp.a(alt_dev.o)
 .text          0x0000000020083080        0x0 ../twod_IDCT_01_bsp/\libhal_bsp.a(alt_errno.o)
 .text          0x0000000020083080      0x100 ../twod_IDCT_01_bsp/\libhal_bsp.a(alt_fstat.o)
                0x00000000200830d0                fstat
 .text          0x0000000020083180       0xf4 ../twod_IDCT_01_bsp/\libhal_bsp.a(alt_isatty.o)
                0x00000000200831d0                isatty
 .text          0x0000000020083274       0xe4 ../twod_IDCT_01_bsp/\libhal_bsp.a(alt_load.o)
                0x00000000200832d8                alt_load
 .text          0x0000000020083358      0x124 ../twod_IDCT_01_bsp/\libhal_bsp.a(alt_lseek.o)
                0x00000000200833a8                lseek
 .text          0x000000002008347c       0x78 ../twod_IDCT_01_bsp/\libhal_bsp.a(alt_main.o)
                0x000000002008347c                alt_main
 .text          0x00000000200834f4       0x40 ../twod_IDCT_01_bsp/\libhal_bsp.a(alt_malloc_lock.o)
                0x00000000200834f4                __malloc_lock
                0x0000000020083514                __malloc_unlock
 .text          0x0000000020083534      0x14c ../twod_IDCT_01_bsp/\libhal_bsp.a(alt_read.o)
                0x0000000020083584                read
 .text          0x0000000020083680       0x60 ../twod_IDCT_01_bsp/\libhal_bsp.a(alt_release_fd.o)
                0x0000000020083680                alt_release_fd
 .text          0x00000000200836e0       0xb0 ../twod_IDCT_01_bsp/\libhal_bsp.a(alt_sbrk.o)
                0x00000000200836e0                sbrk
 .text          0x0000000020083790      0x148 ../twod_IDCT_01_bsp/\libhal_bsp.a(alt_write.o)
                0x00000000200837e0                write
 .text          0x00000000200838d8      0x150 ../twod_IDCT_01_bsp/\libhal_bsp.a(alt_sys_init.o)
                0x0000000020083910                alt_irq_init
                0x0000000020083944                alt_sys_init
 .text          0x0000000020083a28      0x164 ../twod_IDCT_01_bsp/\libhal_bsp.a(altera_avalon_jtag_uart_fd.o)
                0x0000000020083a28                altera_avalon_jtag_uart_read_fd
                0x0000000020083a88                altera_avalon_jtag_uart_write_fd
                0x0000000020083ae8                altera_avalon_jtag_uart_close_fd
                0x0000000020083b38                altera_avalon_jtag_uart_ioctl_fd
 .text          0x0000000020083b8c      0x3d8 ../twod_IDCT_01_bsp/\libhal_bsp.a(altera_avalon_jtag_uart_init.o)
                0x0000000020083b8c                altera_avalon_jtag_uart_init
                0x0000000020083efc                altera_avalon_jtag_uart_close
 .text          0x0000000020083f64       0xec ../twod_IDCT_01_bsp/\libhal_bsp.a(altera_avalon_jtag_uart_ioctl.o)
                0x0000000020083f64                altera_avalon_jtag_uart_ioctl
 .text          0x0000000020084050      0x20c ../twod_IDCT_01_bsp/\libhal_bsp.a(altera_avalon_jtag_uart_read.o)
                0x0000000020084050                altera_avalon_jtag_uart_read
 .text          0x000000002008425c      0x218 ../twod_IDCT_01_bsp/\libhal_bsp.a(altera_avalon_jtag_uart_write.o)
                0x000000002008425c                altera_avalon_jtag_uart_write
 .text          0x0000000020084474       0xfc ../twod_IDCT_01_bsp/\libhal_bsp.a(altera_avalon_timer_sc.o)
                0x00000000200844e8                alt_avalon_timer_sc_init
 .text          0x0000000020084570     0x1e90 ../twod_IDCT_01_bsp/\libhal_bsp.a(altera_msgdma.o)
                0x000000002008512c                alt_msgdma_construct_standard_st_to_mm_descriptor
                0x0000000020085184                alt_msgdma_construct_standard_mm_to_st_descriptor
                0x00000000200851dc                alt_msgdma_construct_standard_mm_to_mm_descriptor
                0x0000000020085234                alt_msgdma_construct_extended_st_to_mm_descriptor
                0x00000000200852c4                alt_msgdma_construct_extended_mm_to_st_descriptor
                0x0000000020085354                alt_msgdma_construct_extended_mm_to_mm_descriptor
                0x0000000020085634                alt_msgdma_construct_prefetcher_standard_mm_to_mm_descriptor
                0x000000002008568c                alt_msgdma_construct_prefetcher_standard_st_to_mm_descriptor
                0x00000000200856e4                alt_msgdma_construct_prefetcher_standard_mm_to_st_descriptor
                0x000000002008573c                alt_msgdma_construct_prefetcher_extended_st_to_mm_descriptor
                0x00000000200857dc                alt_msgdma_construct_prefetcher_extended_mm_to_st_descriptor
                0x0000000020085874                alt_msgdma_construct_prefetcher_extended_mm_to_mm_descriptor
                0x000000002008592c                alt_msgdma_prefetcher_add_standard_desc_to_list
                0x0000000020085a1c                alt_msgdma_prefetcher_add_extended_desc_to_list
                0x0000000020085bb4                alt_msgdma_prefetcher_set_std_list_own_by_hw_bits
                0x0000000020085c4c                alt_msgdma_prefetcher_set_extd_list_own_by_hw_bits
                0x0000000020085d20                alt_msgdma_start_prefetcher_with_list_addr
                0x0000000020085fe0                alt_msgdma_start_prefetcher_with_std_desc_list
                0x000000002008606c                alt_msgdma_start_prefetcher_with_extd_desc_list
                0x00000000200860f8                alt_msgdma_open
                0x0000000020086150                alt_msgdma_init
                0x00000000200862bc                alt_msgdma_register_callback
                0x0000000020086310                alt_msgdma_standard_descriptor_async_transfer
                0x000000002008634c                alt_msgdma_extended_descriptor_async_transfer
                0x0000000020086388                alt_msgdma_standard_descriptor_sync_transfer
                0x00000000200863c4                alt_msgdma_extended_descriptor_sync_transfer
 .text          0x0000000020086400      0x140 ../twod_IDCT_01_bsp/\libhal_bsp.a(alt_alarm_start.o)
                0x0000000020086400                alt_alarm_start
 .text          0x0000000020086540      0x158 ../twod_IDCT_01_bsp/\libhal_bsp.a(alt_busy_sleep.o)
                0x0000000020086540                alt_busy_sleep
 .text          0x0000000020086698       0x44 ../twod_IDCT_01_bsp/\libhal_bsp.a(alt_dcache_flush_all.o)
                0x0000000020086698                alt_dcache_flush_all
 .text          0x00000000200866dc       0xf4 ../twod_IDCT_01_bsp/\libhal_bsp.a(alt_dev_llist_insert.o)
                0x000000002008672c                alt_dev_llist_insert
 .text          0x00000000200867d0       0x5c ../twod_IDCT_01_bsp/\libhal_bsp.a(alt_do_ctors.o)
                0x00000000200867d0                _do_ctors
 .text          0x000000002008682c       0x5c ../twod_IDCT_01_bsp/\libhal_bsp.a(alt_do_dtors.o)
                0x000000002008682c                _do_dtors
 .text          0x0000000020086888       0x90 ../twod_IDCT_01_bsp/\libhal_bsp.a(alt_find_dev.o)
                0x0000000020086888                alt_find_dev
 .text          0x0000000020086918       0x30 ../twod_IDCT_01_bsp/\libhal_bsp.a(alt_icache_flush_all.o)
                0x0000000020086918                alt_icache_flush_all
 .text          0x0000000020086948      0x1e0 ../twod_IDCT_01_bsp/\libhal_bsp.a(alt_iic.o)
                0x0000000020086948                alt_ic_isr_register
                0x0000000020086998                alt_ic_irq_enable
                0x0000000020086a38                alt_ic_irq_disable
                0x0000000020086adc                alt_ic_irq_enabled
 .text          0x0000000020086b28       0xf0 ../twod_IDCT_01_bsp/\libhal_bsp.a(alt_iic_isr_register.o)
                0x0000000020086b28                alt_iic_isr_register
 .text          0x0000000020086c18      0x138 ../twod_IDCT_01_bsp/\libhal_bsp.a(alt_io_redirect.o)
                0x0000000020086cd8                alt_io_redirect
 .text          0x0000000020086d50        0x0 ../twod_IDCT_01_bsp/\libhal_bsp.a(alt_irq_entry.o)
 .text          0x0000000020086d50        0x0 ../twod_IDCT_01_bsp/\libhal_bsp.a(alt_irq_handler.o)
 .text          0x0000000020086d50        0x0 ../twod_IDCT_01_bsp/\libhal_bsp.a(alt_irq_vars.o)
 .text          0x0000000020086d50      0x274 ../twod_IDCT_01_bsp/\libhal_bsp.a(alt_open.o)
                0x0000000020086e6c                open
 .text          0x0000000020086fc4      0x228 ../twod_IDCT_01_bsp/\libhal_bsp.a(alt_printf.o)
                0x0000000020086fc4                alt_printf
 .text          0x00000000200871ec       0x44 ../twod_IDCT_01_bsp/\libhal_bsp.a(alt_putchar.o)
                0x00000000200871ec                alt_putchar
 .text          0x0000000020087230      0x19c ../twod_IDCT_01_bsp/\libhal_bsp.a(alt_tick.o)
                0x0000000020087230                alt_alarm_stop
                0x00000000200872c8                alt_tick
 .text          0x00000000200873cc       0x20 ../twod_IDCT_01_bsp/\libhal_bsp.a(altera_nios2_gen2_irq.o)
                0x00000000200873cc                altera_nios2_gen2_irq_init
 .text          0x00000000200873ec        0x0 ../twod_IDCT_01_bsp/\libhal_bsp.a(alt_exception_entry.o)
 .text          0x00000000200873ec      0x114 ../twod_IDCT_01_bsp/\libhal_bsp.a(alt_find_file.o)
                0x00000000200873ec                alt_find_file
 .text          0x0000000020087500       0xb4 ../twod_IDCT_01_bsp/\libhal_bsp.a(alt_get_fd.o)
                0x0000000020087500                alt_get_fd
 .text          0x00000000200875b4       0x8c ../twod_IDCT_01_bsp/\libhal_bsp.a(alt_icache_flush.o)
                0x00000000200875b4                alt_icache_flush
 .text          0x0000000020087640       0x9c ../twod_IDCT_01_bsp/\libhal_bsp.a(alt_instruction_exception_entry.o)
                0x0000000020087640                alt_exception_cause_generated_bad_addr
 .text          0x00000000200876dc        0x0 c:/software/altera/15.1/nios2eds/bin/gnu/h-x86_64-mingw32/bin/../lib/gcc/nios2-elf/4.9.2/../../../../../H-x86_64-mingw32/nios2-elf/lib\libc.a(lib_a-atexit.o)
 .text.atexit   0x00000000200876dc       0x14 c:/software/altera/15.1/nios2eds/bin/gnu/h-x86_64-mingw32/bin/../lib/gcc/nios2-elf/4.9.2/../../../../../H-x86_64-mingw32/nios2-elf/lib\libc.a(lib_a-atexit.o)
                0x00000000200876dc                atexit
 .text          0x00000000200876f0        0x0 c:/software/altera/15.1/nios2eds/bin/gnu/h-x86_64-mingw32/bin/../lib/gcc/nios2-elf/4.9.2/../../../../../H-x86_64-mingw32/nios2-elf/lib\libc.a(lib_a-exit.o)
 .text.exit     0x00000000200876f0       0x38 c:/software/altera/15.1/nios2eds/bin/gnu/h-x86_64-mingw32/bin/../lib/gcc/nios2-elf/4.9.2/../../../../../H-x86_64-mingw32/nios2-elf/lib\libc.a(lib_a-exit.o)
                0x00000000200876f0                exit
 .text          0x0000000020087728        0x0 c:/software/altera/15.1/nios2eds/bin/gnu/h-x86_64-mingw32/bin/../lib/gcc/nios2-elf/4.9.2/../../../../../H-x86_64-mingw32/nios2-elf/lib\libc.a(lib_a-memcmp.o)
 .text.memcmp   0x0000000020087728       0x7c c:/software/altera/15.1/nios2eds/bin/gnu/h-x86_64-mingw32/bin/../lib/gcc/nios2-elf/4.9.2/../../../../../H-x86_64-mingw32/nios2-elf/lib\libc.a(lib_a-memcmp.o)
                0x0000000020087728                memcmp
 .text          0x00000000200877a4        0x0 c:/software/altera/15.1/nios2eds/bin/gnu/h-x86_64-mingw32/bin/../lib/gcc/nios2-elf/4.9.2/../../../../../H-x86_64-mingw32/nios2-elf/lib\libc.a(lib_a-putc.o)
 .text._putc_r  0x00000000200877a4       0xa0 c:/software/altera/15.1/nios2eds/bin/gnu/h-x86_64-mingw32/bin/../lib/gcc/nios2-elf/4.9.2/../../../../../H-x86_64-mingw32/nios2-elf/lib\libc.a(lib_a-putc.o)
                0x00000000200877a4                _putc_r
 .text.putc     0x0000000020087844       0xcc c:/software/altera/15.1/nios2eds/bin/gnu/h-x86_64-mingw32/bin/../lib/gcc/nios2-elf/4.9.2/../../../../../H-x86_64-mingw32/nios2-elf/lib\libc.a(lib_a-putc.o)
                0x0000000020087844                putc
 .text          0x0000000020087910        0x0 c:/software/altera/15.1/nios2eds/bin/gnu/h-x86_64-mingw32/bin/../lib/gcc/nios2-elf/4.9.2/../../../../../H-x86_64-mingw32/nios2-elf/lib\libc.a(lib_a-wbuf.o)
 .text.__swbuf_r
                0x0000000020087910      0x138 c:/software/altera/15.1/nios2eds/bin/gnu/h-x86_64-mingw32/bin/../lib/gcc/nios2-elf/4.9.2/../../../../../H-x86_64-mingw32/nios2-elf/lib\libc.a(lib_a-wbuf.o)
                0x0000000020087910                __swbuf_r
 .text.__swbuf  0x0000000020087a48       0x1c c:/software/altera/15.1/nios2eds/bin/gnu/h-x86_64-mingw32/bin/../lib/gcc/nios2-elf/4.9.2/../../../../../H-x86_64-mingw32/nios2-elf/lib\libc.a(lib_a-wbuf.o)
                0x0000000020087a48                __swbuf
 .text          0x0000000020087a64        0x0 c:/software/altera/15.1/nios2eds/bin/gnu/h-x86_64-mingw32/bin/../lib/gcc/nios2-elf/4.9.2/../../../../../H-x86_64-mingw32/nios2-elf/lib\libc.a(lib_a-__atexit.o)
 .text.__register_exitproc
                0x0000000020087a64      0x114 c:/software/altera/15.1/nios2eds/bin/gnu/h-x86_64-mingw32/bin/../lib/gcc/nios2-elf/4.9.2/../../../../../H-x86_64-mingw32/nios2-elf/lib\libc.a(lib_a-__atexit.o)
                0x0000000020087a64                __register_exitproc
 .text          0x0000000020087b78        0x0 c:/software/altera/15.1/nios2eds/bin/gnu/h-x86_64-mingw32/bin/../lib/gcc/nios2-elf/4.9.2/../../../../../H-x86_64-mingw32/nios2-elf/lib\libc.a(lib_a-__call_atexit.o)
 .text.__call_exitprocs
                0x0000000020087b78      0x194 c:/software/altera/15.1/nios2eds/bin/gnu/h-x86_64-mingw32/bin/../lib/gcc/nios2-elf/4.9.2/../../../../../H-x86_64-mingw32/nios2-elf/lib\libc.a(lib_a-__call_atexit.o)
                0x0000000020087b78                __call_exitprocs
 .text          0x0000000020087d0c       0x34 ../twod_IDCT_01_bsp/\libhal_bsp.a(alt_exit.o)
                0x0000000020087d0c                _exit
 *(.gnu.warning.*)
 *(.fini)
                0x0000000020087d40                PROVIDE (__etext, ABSOLUTE (.))
                0x0000000020087d40                PROVIDE (_etext, ABSOLUTE (.))
                0x0000000020087d40                PROVIDE (etext, ABSOLUTE (.))
 *(.eh_frame_hdr)
                0x0000000020087d40                . = ALIGN (0x4)
                0x0000000020087d40                PROVIDE (__preinit_array_start, ABSOLUTE (.))
 *(.preinit_array)
                0x0000000020087d40                PROVIDE (__preinit_array_end, ABSOLUTE (.))
                0x0000000020087d40                PROVIDE (__init_array_start, ABSOLUTE (.))
 *(.init_array)
                0x0000000020087d40                PROVIDE (__init_array_end, ABSOLUTE (.))
                0x0000000020087d40                PROVIDE (__fini_array_start, ABSOLUTE (.))
 *(.fini_array)
                0x0000000020087d40                PROVIDE (__fini_array_end, ABSOLUTE (.))
 *(.eh_frame)
 *(.gcc_except_table .gcc_except_table.*)
 *(.dynamic)
                0x0000000020087d40                PROVIDE (__CTOR_LIST__, ABSOLUTE (.))
 *(.ctors)
 *(SORT(.ctors.*))
                0x0000000020087d40                PROVIDE (__CTOR_END__, ABSOLUTE (.))
                0x0000000020087d40                PROVIDE (__DTOR_LIST__, ABSOLUTE (.))
 *(.dtors)
 *(SORT(.dtors.*))
                0x0000000020087d40                PROVIDE (__DTOR_END__, ABSOLUTE (.))
 *(.jcr)
                0x0000000020087d40                . = ALIGN (0x4)

.rodata         0x0000000000000000      0x290 load address 0x0000000020087d40
                0x0000000000000000                PROVIDE (__ram_rodata_start, ABSOLUTE (.))
                0x0000000000000000                . = ALIGN (0x4)
 *(.rodata .rodata.* .gnu.linkonce.r.*)
 .rodata        0x0000000000000000       0x14 obj/default/hello_world.o
 .rodata.str1.4
                0x0000000000000014        0x2 c:/software/altera/15.1/nios2eds/bin/gnu/h-x86_64-mingw32/bin/../lib/gcc/nios2-elf/4.9.2/../../../../../H-x86_64-mingw32/nios2-elf/lib\libc.a(lib_a-puts.o)
                                          0x4 (size before relaxing)
 *fill*         0x0000000000000016        0x2 
 .rodata.str1.4
                0x0000000000000018        0x4 c:/software/altera/15.1/nios2eds/bin/gnu/h-x86_64-mingw32/bin/../lib/gcc/nios2-elf/4.9.2/../../../../../H-x86_64-mingw32/nios2-elf/lib\libc.a(lib_a-impure.o)
 .rodata        0x000000000000001c        0xc ../twod_IDCT_01_bsp/\libhal_bsp.a(alt_dev.o)
 .rodata        0x0000000000000028       0x10 ../twod_IDCT_01_bsp/\libhal_bsp.a(alt_main.o)
 .rodata        0x0000000000000038       0x68 ../twod_IDCT_01_bsp/\libhal_bsp.a(alt_sys_init.o)
 .rodata        0x00000000000000a0      0x1f0 ../twod_IDCT_01_bsp/\libhal_bsp.a(altera_msgdma.o)
 *(.rodata1)
                0x0000000000000290                . = ALIGN (0x4)
                0x0000000000000290                PROVIDE (__ram_rodata_end, ABSOLUTE (.))
                0x0000000020087d40                PROVIDE (__flash_rodata_start, LOADADDR (.rodata))

.rwdata         0x0000000000000290     0x1b94 load address 0x0000000020087fd0
                0x0000000000000290                PROVIDE (__ram_rwdata_start, ABSOLUTE (.))
                0x0000000000000290                . = ALIGN (0x4)
 *(.got.plt)
 *(.got)
 *(.data1)
 *(.data .data.* .gnu.linkonce.d.*)
 .data          0x0000000000000290        0x0 ../twod_IDCT_01_bsp//obj/HAL/src/crt0.o
 .data          0x0000000000000290        0x0 obj/default/hello_world.o
 .data          0x0000000000000290        0x0 c:/software/altera/15.1/nios2eds/bin/gnu/h-x86_64-mingw32/bin/../lib/gcc/nios2-elf/4.9.2/../../../../../H-x86_64-mingw32/nios2-elf/lib\libc.a(lib_a-puts.o)
 .data          0x0000000000000290        0x0 c:/software/altera/15.1/nios2eds/bin/gnu/h-x86_64-mingw32/bin/../lib/gcc/nios2-elf/4.9.2/../../../../../H-x86_64-mingw32/nios2-elf/lib\libc.a(lib_a-strlen.o)
 .data          0x0000000000000290        0x0 c:/software/altera/15.1/nios2eds/bin/gnu/h-x86_64-mingw32/bin/../lib/gcc/nios2-elf/4.9.2/../../../../../H-x86_64-mingw32/nios2-elf/lib\libc.a(lib_a-fvwrite.o)
 .data          0x0000000000000290        0x0 c:/software/altera/15.1/nios2eds/bin/gnu/h-x86_64-mingw32/bin/../lib/gcc/nios2-elf/4.9.2/../../../../../H-x86_64-mingw32/nios2-elf/lib\libc.a(lib_a-impure.o)
 .data.impure_data
                0x0000000000000290      0x424 c:/software/altera/15.1/nios2eds/bin/gnu/h-x86_64-mingw32/bin/../lib/gcc/nios2-elf/4.9.2/../../../../../H-x86_64-mingw32/nios2-elf/lib\libc.a(lib_a-impure.o)
 .data          0x00000000000006b4        0x0 c:/software/altera/15.1/nios2eds/bin/gnu/h-x86_64-mingw32/bin/../lib/gcc/nios2-elf/4.9.2/../../../../../H-x86_64-mingw32/nios2-elf/lib\libc.a(lib_a-mallocr.o)
 .data.__malloc_av_
                0x00000000000006b4      0x408 c:/software/altera/15.1/nios2eds/bin/gnu/h-x86_64-mingw32/bin/../lib/gcc/nios2-elf/4.9.2/../../../../../H-x86_64-mingw32/nios2-elf/lib\libc.a(lib_a-mallocr.o)
                0x00000000000006b4                __malloc_av_
 .data          0x0000000000000abc        0x0 c:/software/altera/15.1/nios2eds/bin/gnu/h-x86_64-mingw32/bin/../lib/gcc/nios2-elf/4.9.2/../../../../../H-x86_64-mingw32/nios2-elf/lib\libc.a(lib_a-memchr.o)
 .data          0x0000000000000abc        0x0 c:/software/altera/15.1/nios2eds/bin/gnu/h-x86_64-mingw32/bin/../lib/gcc/nios2-elf/4.9.2/../../../../../H-x86_64-mingw32/nios2-elf/lib\libc.a(lib_a-memcpy.o)
 .data          0x0000000000000abc        0x0 c:/software/altera/15.1/nios2eds/bin/gnu/h-x86_64-mingw32/bin/../lib/gcc/nios2-elf/4.9.2/../../../../../H-x86_64-mingw32/nios2-elf/lib\libc.a(lib_a-memmove.o)
 .data          0x0000000000000abc        0x0 c:/software/altera/15.1/nios2eds/bin/gnu/h-x86_64-mingw32/bin/../lib/gcc/nios2-elf/4.9.2/../../../../../H-x86_64-mingw32/nios2-elf/lib\libc.a(lib_a-reallocr.o)
 .data          0x0000000000000abc        0x0 c:/software/altera/15.1/nios2eds/bin/gnu/h-x86_64-mingw32/bin/../lib/gcc/nios2-elf/4.9.2/../../../../../H-x86_64-mingw32/nios2-elf/lib\libc.a(lib_a-sbrkr.o)
 .data          0x0000000000000abc        0x0 c:/software/altera/15.1/nios2eds/bin/gnu/h-x86_64-mingw32/bin/../lib/gcc/nios2-elf/4.9.2/../../../../../H-x86_64-mingw32/nios2-elf/lib\libc.a(lib_a-wsetup.o)
 .data          0x0000000000000abc        0x0 c:/software/altera/15.1/nios2eds/bin/gnu/h-x86_64-mingw32/bin/../lib/gcc/nios2-elf/4.9.2/../../../../../H-x86_64-mingw32/nios2-elf/lib\libc.a(lib_a-fflush.o)
 .data          0x0000000000000abc        0x0 c:/software/altera/15.1/nios2eds/bin/gnu/h-x86_64-mingw32/bin/../lib/gcc/nios2-elf/4.9.2/../../../../../H-x86_64-mingw32/nios2-elf/lib\libc.a(lib_a-findfp.o)
 .data          0x0000000000000abc        0x0 c:/software/altera/15.1/nios2eds/bin/gnu/h-x86_64-mingw32/bin/../lib/gcc/nios2-elf/4.9.2/../../../../../H-x86_64-mingw32/nios2-elf/lib\libc.a(lib_a-freer.o)
 .data          0x0000000000000abc        0x0 c:/software/altera/15.1/nios2eds/bin/gnu/h-x86_64-mingw32/bin/../lib/gcc/nios2-elf/4.9.2/../../../../../H-x86_64-mingw32/nios2-elf/lib\libc.a(lib_a-fwalk.o)
 .data          0x0000000000000abc        0x0 c:/software/altera/15.1/nios2eds/bin/gnu/h-x86_64-mingw32/bin/../lib/gcc/nios2-elf/4.9.2/../../../../../H-x86_64-mingw32/nios2-elf/lib\libc.a(lib_a-int_errno.o)
 .data          0x0000000000000abc        0x0 c:/software/altera/15.1/nios2eds/bin/gnu/h-x86_64-mingw32/bin/../lib/gcc/nios2-elf/4.9.2/../../../../../H-x86_64-mingw32/nios2-elf/lib\libc.a(lib_a-makebuf.o)
 .data          0x0000000000000abc        0x0 c:/software/altera/15.1/nios2eds/bin/gnu/h-x86_64-mingw32/bin/../lib/gcc/nios2-elf/4.9.2/../../../../../H-x86_64-mingw32/nios2-elf/lib\libc.a(lib_a-memset.o)
 .data          0x0000000000000abc        0x0 c:/software/altera/15.1/nios2eds/bin/gnu/h-x86_64-mingw32/bin/../lib/gcc/nios2-elf/4.9.2/../../../../../H-x86_64-mingw32/nios2-elf/lib\libc.a(lib_a-stdio.o)
 .data          0x0000000000000abc        0x0 c:/software/altera/15.1/nios2eds/bin/gnu/h-x86_64-mingw32/bin/../lib/gcc/nios2-elf/4.9.2/../../../../../H-x86_64-mingw32/nios2-elf/lib\libc.a(lib_a-writer.o)
 .data          0x0000000000000abc        0x0 c:/software/altera/15.1/nios2eds/bin/gnu/h-x86_64-mingw32/bin/../lib/gcc/nios2-elf/4.9.2/../../../../../H-x86_64-mingw32/nios2-elf/lib\libc.a(closer.o)
 .data          0x0000000000000abc        0x0 c:/software/altera/15.1/nios2eds/bin/gnu/h-x86_64-mingw32/bin/../lib/gcc/nios2-elf/4.9.2/../../../../../H-x86_64-mingw32/nios2-elf/lib\libc.a(lib_a-fclose.o)
 .data          0x0000000000000abc        0x0 c:/software/altera/15.1/nios2eds/bin/gnu/h-x86_64-mingw32/bin/../lib/gcc/nios2-elf/4.9.2/../../../../../H-x86_64-mingw32/nios2-elf/lib\libc.a(lib_a-fstatr.o)
 .data          0x0000000000000abc        0x0 c:/software/altera/15.1/nios2eds/bin/gnu/h-x86_64-mingw32/bin/../lib/gcc/nios2-elf/4.9.2/../../../../../H-x86_64-mingw32/nios2-elf/lib\libc.a(lib_a-isattyr.o)
 .data          0x0000000000000abc        0x0 c:/software/altera/15.1/nios2eds/bin/gnu/h-x86_64-mingw32/bin/../lib/gcc/nios2-elf/4.9.2/../../../../../H-x86_64-mingw32/nios2-elf/lib\libc.a(lib_a-lseekr.o)
 .data          0x0000000000000abc        0x0 c:/software/altera/15.1/nios2eds/bin/gnu/h-x86_64-mingw32/bin/../lib/gcc/nios2-elf/4.9.2/../../../../../H-x86_64-mingw32/nios2-elf/lib\libc.a(lib_a-readr.o)
 .data          0x0000000000000abc        0x0 c:/software/altera/15.1/nios2eds/bin/gnu/h-x86_64-mingw32/bin/../lib/gcc/nios2-elf/4.9.2\libgcc.a(lib2-divmod.o)
 .data          0x0000000000000abc        0x0 ../twod_IDCT_01_bsp/\libhal_bsp.a(alt_close.o)
 .data          0x0000000000000abc      0x1a8 ../twod_IDCT_01_bsp/\libhal_bsp.a(alt_dev.o)
                0x0000000000000abc                alt_dev_null
                0x0000000000000ae4                alt_fd_list
 .data          0x0000000000000c64        0x0 ../twod_IDCT_01_bsp/\libhal_bsp.a(alt_errno.o)
 .data          0x0000000000000c64        0x0 ../twod_IDCT_01_bsp/\libhal_bsp.a(alt_fstat.o)
 .data          0x0000000000000c64        0x0 ../twod_IDCT_01_bsp/\libhal_bsp.a(alt_isatty.o)
 .data          0x0000000000000c64        0x0 ../twod_IDCT_01_bsp/\libhal_bsp.a(alt_load.o)
 .data          0x0000000000000c64        0x0 ../twod_IDCT_01_bsp/\libhal_bsp.a(alt_lseek.o)
 .data          0x0000000000000c64        0x0 ../twod_IDCT_01_bsp/\libhal_bsp.a(alt_main.o)
 .data          0x0000000000000c64        0x0 ../twod_IDCT_01_bsp/\libhal_bsp.a(alt_malloc_lock.o)
 .data          0x0000000000000c64        0x0 ../twod_IDCT_01_bsp/\libhal_bsp.a(alt_read.o)
 .data          0x0000000000000c64        0x0 ../twod_IDCT_01_bsp/\libhal_bsp.a(alt_release_fd.o)
 .data          0x0000000000000c64        0x0 ../twod_IDCT_01_bsp/\libhal_bsp.a(alt_sbrk.o)
 .data          0x0000000000000c64        0x0 ../twod_IDCT_01_bsp/\libhal_bsp.a(alt_write.o)
 .data          0x0000000000000c64     0x1180 ../twod_IDCT_01_bsp/\libhal_bsp.a(alt_sys_init.o)
 .data          0x0000000000001de4        0x0 ../twod_IDCT_01_bsp/\libhal_bsp.a(altera_avalon_jtag_uart_fd.o)
 .data          0x0000000000001de4        0x0 ../twod_IDCT_01_bsp/\libhal_bsp.a(altera_avalon_jtag_uart_init.o)
 .data          0x0000000000001de4        0x0 ../twod_IDCT_01_bsp/\libhal_bsp.a(altera_avalon_jtag_uart_ioctl.o)
 .data          0x0000000000001de4        0x0 ../twod_IDCT_01_bsp/\libhal_bsp.a(altera_avalon_jtag_uart_read.o)
 .data          0x0000000000001de4        0x0 ../twod_IDCT_01_bsp/\libhal_bsp.a(altera_avalon_jtag_uart_write.o)
 .data          0x0000000000001de4        0x0 ../twod_IDCT_01_bsp/\libhal_bsp.a(altera_avalon_timer_sc.o)
 .data          0x0000000000001de4        0x0 ../twod_IDCT_01_bsp/\libhal_bsp.a(altera_msgdma.o)
 .data          0x0000000000001de4        0x0 ../twod_IDCT_01_bsp/\libhal_bsp.a(alt_alarm_start.o)
 .data          0x0000000000001de4        0x0 ../twod_IDCT_01_bsp/\libhal_bsp.a(alt_busy_sleep.o)
 .data          0x0000000000001de4        0x0 ../twod_IDCT_01_bsp/\libhal_bsp.a(alt_dcache_flush_all.o)
 .data          0x0000000000001de4        0x0 ../twod_IDCT_01_bsp/\libhal_bsp.a(alt_dev_llist_insert.o)
 .data          0x0000000000001de4        0x0 ../twod_IDCT_01_bsp/\libhal_bsp.a(alt_do_ctors.o)
 .data          0x0000000000001de4        0x0 ../twod_IDCT_01_bsp/\libhal_bsp.a(alt_do_dtors.o)
 .data          0x0000000000001de4        0x0 ../twod_IDCT_01_bsp/\libhal_bsp.a(alt_find_dev.o)
 .data          0x0000000000001de4        0x0 ../twod_IDCT_01_bsp/\libhal_bsp.a(alt_icache_flush_all.o)
 .data          0x0000000000001de4        0x0 ../twod_IDCT_01_bsp/\libhal_bsp.a(alt_iic.o)
 .data          0x0000000000001de4        0x0 ../twod_IDCT_01_bsp/\libhal_bsp.a(alt_iic_isr_register.o)
 .data          0x0000000000001de4        0x0 ../twod_IDCT_01_bsp/\libhal_bsp.a(alt_io_redirect.o)
 .data          0x0000000000001de4        0x0 ../twod_IDCT_01_bsp/\libhal_bsp.a(alt_irq_entry.o)
 .data          0x0000000000001de4        0x0 ../twod_IDCT_01_bsp/\libhal_bsp.a(alt_irq_handler.o)
 .data          0x0000000000001de4        0x0 ../twod_IDCT_01_bsp/\libhal_bsp.a(alt_irq_vars.o)
 .data          0x0000000000001de4        0x0 ../twod_IDCT_01_bsp/\libhal_bsp.a(alt_open.o)
 .data          0x0000000000001de4        0x0 ../twod_IDCT_01_bsp/\libhal_bsp.a(alt_printf.o)
 .data          0x0000000000001de4        0x0 ../twod_IDCT_01_bsp/\libhal_bsp.a(alt_putchar.o)
 .data          0x0000000000001de4        0x0 ../twod_IDCT_01_bsp/\libhal_bsp.a(alt_tick.o)
 .data          0x0000000000001de4        0x0 ../twod_IDCT_01_bsp/\libhal_bsp.a(altera_nios2_gen2_irq.o)
 .data          0x0000000000001de4        0x0 ../twod_IDCT_01_bsp/\libhal_bsp.a(alt_exception_entry.o)
 .data          0x0000000000001de4        0x0 ../twod_IDCT_01_bsp/\libhal_bsp.a(alt_find_file.o)
 .data          0x0000000000001de4        0x0 ../twod_IDCT_01_bsp/\libhal_bsp.a(alt_get_fd.o)
 .data          0x0000000000001de4        0x0 ../twod_IDCT_01_bsp/\libhal_bsp.a(alt_icache_flush.o)
 .data          0x0000000000001de4        0x0 ../twod_IDCT_01_bsp/\libhal_bsp.a(alt_instruction_exception_entry.o)
 .data          0x0000000000001de4        0x0 c:/software/altera/15.1/nios2eds/bin/gnu/h-x86_64-mingw32/bin/../lib/gcc/nios2-elf/4.9.2/../../../../../H-x86_64-mingw32/nios2-elf/lib\libc.a(lib_a-atexit.o)
 .data          0x0000000000001de4        0x0 c:/software/altera/15.1/nios2eds/bin/gnu/h-x86_64-mingw32/bin/../lib/gcc/nios2-elf/4.9.2/../../../../../H-x86_64-mingw32/nios2-elf/lib\libc.a(lib_a-exit.o)
 .data          0x0000000000001de4        0x0 c:/software/altera/15.1/nios2eds/bin/gnu/h-x86_64-mingw32/bin/../lib/gcc/nios2-elf/4.9.2/../../../../../H-x86_64-mingw32/nios2-elf/lib\libc.a(lib_a-memcmp.o)
 .data          0x0000000000001de4        0x0 c:/software/altera/15.1/nios2eds/bin/gnu/h-x86_64-mingw32/bin/../lib/gcc/nios2-elf/4.9.2/../../../../../H-x86_64-mingw32/nios2-elf/lib\libc.a(lib_a-putc.o)
 .data          0x0000000000001de4        0x0 c:/software/altera/15.1/nios2eds/bin/gnu/h-x86_64-mingw32/bin/../lib/gcc/nios2-elf/4.9.2/../../../../../H-x86_64-mingw32/nios2-elf/lib\libc.a(lib_a-wbuf.o)
 .data          0x0000000000001de4        0x0 c:/software/altera/15.1/nios2eds/bin/gnu/h-x86_64-mingw32/bin/../lib/gcc/nios2-elf/4.9.2/../../../../../H-x86_64-mingw32/nios2-elf/lib\libc.a(lib_a-__atexit.o)
 .data          0x0000000000001de4        0x0 c:/software/altera/15.1/nios2eds/bin/gnu/h-x86_64-mingw32/bin/../lib/gcc/nios2-elf/4.9.2/../../../../../H-x86_64-mingw32/nios2-elf/lib\libc.a(lib_a-__call_atexit.o)
 .data          0x0000000000001de4        0x0 ../twod_IDCT_01_bsp/\libhal_bsp.a(alt_exit.o)
                0x0000000000009de4                _gp = ABSOLUTE ((. + 0x8000))
                0x0000000000009de4                PROVIDE (gp, _gp)
 *(.rwdata .rwdata.*)
 *(.sdata .sdata.* .gnu.linkonce.s.*)
 .sdata._global_impure_ptr
                0x0000000000001de4        0x4 c:/software/altera/15.1/nios2eds/bin/gnu/h-x86_64-mingw32/bin/../lib/gcc/nios2-elf/4.9.2/../../../../../H-x86_64-mingw32/nios2-elf/lib\libc.a(lib_a-impure.o)
                0x0000000000001de4                _global_impure_ptr
 .sdata._impure_ptr
                0x0000000000001de8        0x4 c:/software/altera/15.1/nios2eds/bin/gnu/h-x86_64-mingw32/bin/../lib/gcc/nios2-elf/4.9.2/../../../../../H-x86_64-mingw32/nios2-elf/lib\libc.a(lib_a-impure.o)
                0x0000000000001de8                _impure_ptr
 .sdata.__malloc_sbrk_base
                0x0000000000001dec        0x4 c:/software/altera/15.1/nios2eds/bin/gnu/h-x86_64-mingw32/bin/../lib/gcc/nios2-elf/4.9.2/../../../../../H-x86_64-mingw32/nios2-elf/lib\libc.a(lib_a-mallocr.o)
                0x0000000000001dec                __malloc_sbrk_base
 .sdata.__malloc_trim_threshold
                0x0000000000001df0        0x4 c:/software/altera/15.1/nios2eds/bin/gnu/h-x86_64-mingw32/bin/../lib/gcc/nios2-elf/4.9.2/../../../../../H-x86_64-mingw32/nios2-elf/lib\libc.a(lib_a-mallocr.o)
                0x0000000000001df0                __malloc_trim_threshold
 .sdata         0x0000000000001df4       0x14 ../twod_IDCT_01_bsp/\libhal_bsp.a(alt_dev.o)
                0x0000000000001df4                alt_fs_list
                0x0000000000001dfc                alt_dev_list
                0x0000000000001e04                alt_max_fd
 .sdata         0x0000000000001e08        0x4 ../twod_IDCT_01_bsp/\libhal_bsp.a(alt_errno.o)
                0x0000000000001e08                alt_errno
 .sdata         0x0000000000001e0c        0x4 ../twod_IDCT_01_bsp/\libhal_bsp.a(alt_sbrk.o)
 .sdata         0x0000000000001e10        0x8 ../twod_IDCT_01_bsp/\libhal_bsp.a(altera_msgdma.o)
                0x0000000000001e10                alt_msgdma_list
 .sdata         0x0000000000001e18        0x4 ../twod_IDCT_01_bsp/\libhal_bsp.a(alt_irq_vars.o)
                0x0000000000001e18                alt_priority_mask
 .sdata         0x0000000000001e1c        0x8 ../twod_IDCT_01_bsp/\libhal_bsp.a(alt_tick.o)
                0x0000000000001e1c                alt_alarm_list
 *(.sdata2 .sdata2.* .gnu.linkonce.s2.*)
                0x0000000000001e24                . = ALIGN (0x4)
                0x0000000000001e24                _edata = ABSOLUTE (.)
                0x0000000000001e24                PROVIDE (edata, ABSOLUTE (.))
                0x0000000000001e24                PROVIDE (__ram_rwdata_end, ABSOLUTE (.))
                0x0000000020087fd0                PROVIDE (__flash_rwdata_start, LOADADDR (.rwdata))

.bss            0x0000000000001e24      0x154 load address 0x0000000020089b64
                0x0000000000001e24                __bss_start = ABSOLUTE (.)
                0x0000000000001e24                PROVIDE (__sbss_start, ABSOLUTE (.))
                0x0000000000001e24                PROVIDE (___sbss_start, ABSOLUTE (.))
 *(.dynsbss)
 *(.sbss .sbss.* .gnu.linkonce.sb.*)
 .sbss.__malloc_max_total_mem
                0x0000000000001e24        0x4 c:/software/altera/15.1/nios2eds/bin/gnu/h-x86_64-mingw32/bin/../lib/gcc/nios2-elf/4.9.2/../../../../../H-x86_64-mingw32/nios2-elf/lib\libc.a(lib_a-mallocr.o)
                0x0000000000001e24                __malloc_max_total_mem
 .sbss.__malloc_max_sbrked_mem
                0x0000000000001e28        0x4 c:/software/altera/15.1/nios2eds/bin/gnu/h-x86_64-mingw32/bin/../lib/gcc/nios2-elf/4.9.2/../../../../../H-x86_64-mingw32/nios2-elf/lib\libc.a(lib_a-mallocr.o)
                0x0000000000001e28                __malloc_max_sbrked_mem
 .sbss.__malloc_top_pad
                0x0000000000001e2c        0x4 c:/software/altera/15.1/nios2eds/bin/gnu/h-x86_64-mingw32/bin/../lib/gcc/nios2-elf/4.9.2/../../../../../H-x86_64-mingw32/nios2-elf/lib\libc.a(lib_a-mallocr.o)
                0x0000000000001e2c                __malloc_top_pad
 .sbss          0x0000000000001e30        0x4 c:/software/altera/15.1/nios2eds/bin/gnu/h-x86_64-mingw32/bin/../lib/gcc/nios2-elf/4.9.2/../../../../../H-x86_64-mingw32/nios2-elf/lib\libc.a(lib_a-int_errno.o)
                0x0000000000001e30                errno
 .sbss          0x0000000000001e34        0xc ../twod_IDCT_01_bsp/\libhal_bsp.a(alt_main.o)
                0x0000000000001e34                alt_argc
                0x0000000000001e38                alt_argv
                0x0000000000001e3c                alt_envp
 .sbss          0x0000000000001e40        0x4 ../twod_IDCT_01_bsp/\libhal_bsp.a(alt_irq_vars.o)
                0x0000000000001e40                alt_irq_active
 .sbss          0x0000000000001e44        0x8 ../twod_IDCT_01_bsp/\libhal_bsp.a(alt_tick.o)
                0x0000000000001e44                _alt_tick_rate
                0x0000000000001e48                _alt_nticks
 .sbss          0x0000000000001e4c        0x4 ../twod_IDCT_01_bsp/\libhal_bsp.a(alt_instruction_exception_entry.o)
                0x0000000000001e4c                alt_instruction_exception_handler
 *(.sbss2 .sbss2.* .gnu.linkonce.sb2.*)
 *(.scommon)
                0x0000000000001e50                PROVIDE (__sbss_end, ABSOLUTE (.))
                0x0000000000001e50                PROVIDE (___sbss_end, ABSOLUTE (.))
 *(.dynbss)
 *(.bss .bss.* .gnu.linkonce.b.*)
 .bss           0x0000000000001e50        0x0 ../twod_IDCT_01_bsp//obj/HAL/src/crt0.o
 .bss           0x0000000000001e50        0x0 obj/default/hello_world.o
 .bss           0x0000000000001e50        0x0 c:/software/altera/15.1/nios2eds/bin/gnu/h-x86_64-mingw32/bin/../lib/gcc/nios2-elf/4.9.2/../../../../../H-x86_64-mingw32/nios2-elf/lib\libc.a(lib_a-puts.o)
 .bss           0x0000000000001e50        0x0 c:/software/altera/15.1/nios2eds/bin/gnu/h-x86_64-mingw32/bin/../lib/gcc/nios2-elf/4.9.2/../../../../../H-x86_64-mingw32/nios2-elf/lib\libc.a(lib_a-strlen.o)
 .bss           0x0000000000001e50        0x0 c:/software/altera/15.1/nios2eds/bin/gnu/h-x86_64-mingw32/bin/../lib/gcc/nios2-elf/4.9.2/../../../../../H-x86_64-mingw32/nios2-elf/lib\libc.a(lib_a-fvwrite.o)
 .bss           0x0000000000001e50        0x0 c:/software/altera/15.1/nios2eds/bin/gnu/h-x86_64-mingw32/bin/../lib/gcc/nios2-elf/4.9.2/../../../../../H-x86_64-mingw32/nios2-elf/lib\libc.a(lib_a-impure.o)
 .bss           0x0000000000001e50        0x0 c:/software/altera/15.1/nios2eds/bin/gnu/h-x86_64-mingw32/bin/../lib/gcc/nios2-elf/4.9.2/../../../../../H-x86_64-mingw32/nios2-elf/lib\libc.a(lib_a-mallocr.o)
 .bss.__malloc_current_mallinfo
                0x0000000000001e50       0x28 c:/software/altera/15.1/nios2eds/bin/gnu/h-x86_64-mingw32/bin/../lib/gcc/nios2-elf/4.9.2/../../../../../H-x86_64-mingw32/nios2-elf/lib\libc.a(lib_a-mallocr.o)
                0x0000000000001e50                __malloc_current_mallinfo
 .bss           0x0000000000001e78        0x0 c:/software/altera/15.1/nios2eds/bin/gnu/h-x86_64-mingw32/bin/../lib/gcc/nios2-elf/4.9.2/../../../../../H-x86_64-mingw32/nios2-elf/lib\libc.a(lib_a-memchr.o)
 .bss           0x0000000000001e78        0x0 c:/software/altera/15.1/nios2eds/bin/gnu/h-x86_64-mingw32/bin/../lib/gcc/nios2-elf/4.9.2/../../../../../H-x86_64-mingw32/nios2-elf/lib\libc.a(lib_a-memcpy.o)
 .bss           0x0000000000001e78        0x0 c:/software/altera/15.1/nios2eds/bin/gnu/h-x86_64-mingw32/bin/../lib/gcc/nios2-elf/4.9.2/../../../../../H-x86_64-mingw32/nios2-elf/lib\libc.a(lib_a-memmove.o)
 .bss           0x0000000000001e78        0x0 c:/software/altera/15.1/nios2eds/bin/gnu/h-x86_64-mingw32/bin/../lib/gcc/nios2-elf/4.9.2/../../../../../H-x86_64-mingw32/nios2-elf/lib\libc.a(lib_a-reallocr.o)
 .bss           0x0000000000001e78        0x0 c:/software/altera/15.1/nios2eds/bin/gnu/h-x86_64-mingw32/bin/../lib/gcc/nios2-elf/4.9.2/../../../../../H-x86_64-mingw32/nios2-elf/lib\libc.a(lib_a-sbrkr.o)
 .bss           0x0000000000001e78        0x0 c:/software/altera/15.1/nios2eds/bin/gnu/h-x86_64-mingw32/bin/../lib/gcc/nios2-elf/4.9.2/../../../../../H-x86_64-mingw32/nios2-elf/lib\libc.a(lib_a-wsetup.o)
 .bss           0x0000000000001e78        0x0 c:/software/altera/15.1/nios2eds/bin/gnu/h-x86_64-mingw32/bin/../lib/gcc/nios2-elf/4.9.2/../../../../../H-x86_64-mingw32/nios2-elf/lib\libc.a(lib_a-fflush.o)
 .bss           0x0000000000001e78        0x0 c:/software/altera/15.1/nios2eds/bin/gnu/h-x86_64-mingw32/bin/../lib/gcc/nios2-elf/4.9.2/../../../../../H-x86_64-mingw32/nios2-elf/lib\libc.a(lib_a-findfp.o)
 .bss           0x0000000000001e78        0x0 c:/software/altera/15.1/nios2eds/bin/gnu/h-x86_64-mingw32/bin/../lib/gcc/nios2-elf/4.9.2/../../../../../H-x86_64-mingw32/nios2-elf/lib\libc.a(lib_a-freer.o)
 .bss           0x0000000000001e78        0x0 c:/software/altera/15.1/nios2eds/bin/gnu/h-x86_64-mingw32/bin/../lib/gcc/nios2-elf/4.9.2/../../../../../H-x86_64-mingw32/nios2-elf/lib\libc.a(lib_a-fwalk.o)
 .bss           0x0000000000001e78        0x0 c:/software/altera/15.1/nios2eds/bin/gnu/h-x86_64-mingw32/bin/../lib/gcc/nios2-elf/4.9.2/../../../../../H-x86_64-mingw32/nios2-elf/lib\libc.a(lib_a-int_errno.o)
 .bss           0x0000000000001e78        0x0 c:/software/altera/15.1/nios2eds/bin/gnu/h-x86_64-mingw32/bin/../lib/gcc/nios2-elf/4.9.2/../../../../../H-x86_64-mingw32/nios2-elf/lib\libc.a(lib_a-makebuf.o)
 .bss           0x0000000000001e78        0x0 c:/software/altera/15.1/nios2eds/bin/gnu/h-x86_64-mingw32/bin/../lib/gcc/nios2-elf/4.9.2/../../../../../H-x86_64-mingw32/nios2-elf/lib\libc.a(lib_a-memset.o)
 .bss           0x0000000000001e78        0x0 c:/software/altera/15.1/nios2eds/bin/gnu/h-x86_64-mingw32/bin/../lib/gcc/nios2-elf/4.9.2/../../../../../H-x86_64-mingw32/nios2-elf/lib\libc.a(lib_a-stdio.o)
 .bss           0x0000000000001e78        0x0 c:/software/altera/15.1/nios2eds/bin/gnu/h-x86_64-mingw32/bin/../lib/gcc/nios2-elf/4.9.2/../../../../../H-x86_64-mingw32/nios2-elf/lib\libc.a(lib_a-writer.o)
 .bss           0x0000000000001e78        0x0 c:/software/altera/15.1/nios2eds/bin/gnu/h-x86_64-mingw32/bin/../lib/gcc/nios2-elf/4.9.2/../../../../../H-x86_64-mingw32/nios2-elf/lib\libc.a(closer.o)
 .bss           0x0000000000001e78        0x0 c:/software/altera/15.1/nios2eds/bin/gnu/h-x86_64-mingw32/bin/../lib/gcc/nios2-elf/4.9.2/../../../../../H-x86_64-mingw32/nios2-elf/lib\libc.a(lib_a-fclose.o)
 .bss           0x0000000000001e78        0x0 c:/software/altera/15.1/nios2eds/bin/gnu/h-x86_64-mingw32/bin/../lib/gcc/nios2-elf/4.9.2/../../../../../H-x86_64-mingw32/nios2-elf/lib\libc.a(lib_a-fstatr.o)
 .bss           0x0000000000001e78        0x0 c:/software/altera/15.1/nios2eds/bin/gnu/h-x86_64-mingw32/bin/../lib/gcc/nios2-elf/4.9.2/../../../../../H-x86_64-mingw32/nios2-elf/lib\libc.a(lib_a-isattyr.o)
 .bss           0x0000000000001e78        0x0 c:/software/altera/15.1/nios2eds/bin/gnu/h-x86_64-mingw32/bin/../lib/gcc/nios2-elf/4.9.2/../../../../../H-x86_64-mingw32/nios2-elf/lib\libc.a(lib_a-lseekr.o)
 .bss           0x0000000000001e78        0x0 c:/software/altera/15.1/nios2eds/bin/gnu/h-x86_64-mingw32/bin/../lib/gcc/nios2-elf/4.9.2/../../../../../H-x86_64-mingw32/nios2-elf/lib\libc.a(lib_a-readr.o)
 .bss           0x0000000000001e78        0x0 c:/software/altera/15.1/nios2eds/bin/gnu/h-x86_64-mingw32/bin/../lib/gcc/nios2-elf/4.9.2\libgcc.a(lib2-divmod.o)
 .bss           0x0000000000001e78        0x0 ../twod_IDCT_01_bsp/\libhal_bsp.a(alt_close.o)
 .bss           0x0000000000001e78        0x0 ../twod_IDCT_01_bsp/\libhal_bsp.a(alt_dev.o)
 .bss           0x0000000000001e78        0x0 ../twod_IDCT_01_bsp/\libhal_bsp.a(alt_errno.o)
 .bss           0x0000000000001e78        0x0 ../twod_IDCT_01_bsp/\libhal_bsp.a(alt_fstat.o)
 .bss           0x0000000000001e78        0x0 ../twod_IDCT_01_bsp/\libhal_bsp.a(alt_isatty.o)
 .bss           0x0000000000001e78        0x0 ../twod_IDCT_01_bsp/\libhal_bsp.a(alt_load.o)
 .bss           0x0000000000001e78        0x0 ../twod_IDCT_01_bsp/\libhal_bsp.a(alt_lseek.o)
 .bss           0x0000000000001e78        0x0 ../twod_IDCT_01_bsp/\libhal_bsp.a(alt_main.o)
 .bss           0x0000000000001e78        0x0 ../twod_IDCT_01_bsp/\libhal_bsp.a(alt_malloc_lock.o)
 .bss           0x0000000000001e78        0x0 ../twod_IDCT_01_bsp/\libhal_bsp.a(alt_read.o)
 .bss           0x0000000000001e78        0x0 ../twod_IDCT_01_bsp/\libhal_bsp.a(alt_release_fd.o)
 .bss           0x0000000000001e78        0x0 ../twod_IDCT_01_bsp/\libhal_bsp.a(alt_sbrk.o)
 .bss           0x0000000000001e78        0x0 ../twod_IDCT_01_bsp/\libhal_bsp.a(alt_write.o)
 .bss           0x0000000000001e78        0x0 ../twod_IDCT_01_bsp/\libhal_bsp.a(alt_sys_init.o)
 .bss           0x0000000000001e78        0x0 ../twod_IDCT_01_bsp/\libhal_bsp.a(altera_avalon_jtag_uart_fd.o)
 .bss           0x0000000000001e78        0x0 ../twod_IDCT_01_bsp/\libhal_bsp.a(altera_avalon_jtag_uart_init.o)
 .bss           0x0000000000001e78        0x0 ../twod_IDCT_01_bsp/\libhal_bsp.a(altera_avalon_jtag_uart_ioctl.o)
 .bss           0x0000000000001e78        0x0 ../twod_IDCT_01_bsp/\libhal_bsp.a(altera_avalon_jtag_uart_read.o)
 .bss           0x0000000000001e78        0x0 ../twod_IDCT_01_bsp/\libhal_bsp.a(altera_avalon_jtag_uart_write.o)
 .bss           0x0000000000001e78        0x0 ../twod_IDCT_01_bsp/\libhal_bsp.a(altera_avalon_timer_sc.o)
 .bss           0x0000000000001e78        0x0 ../twod_IDCT_01_bsp/\libhal_bsp.a(altera_msgdma.o)
 .bss           0x0000000000001e78        0x0 ../twod_IDCT_01_bsp/\libhal_bsp.a(alt_alarm_start.o)
 .bss           0x0000000000001e78        0x0 ../twod_IDCT_01_bsp/\libhal_bsp.a(alt_busy_sleep.o)
 .bss           0x0000000000001e78        0x0 ../twod_IDCT_01_bsp/\libhal_bsp.a(alt_dcache_flush_all.o)
 .bss           0x0000000000001e78        0x0 ../twod_IDCT_01_bsp/\libhal_bsp.a(alt_dev_llist_insert.o)
 .bss           0x0000000000001e78        0x0 ../twod_IDCT_01_bsp/\libhal_bsp.a(alt_do_ctors.o)
 .bss           0x0000000000001e78        0x0 ../twod_IDCT_01_bsp/\libhal_bsp.a(alt_do_dtors.o)
 .bss           0x0000000000001e78        0x0 ../twod_IDCT_01_bsp/\libhal_bsp.a(alt_find_dev.o)
 .bss           0x0000000000001e78        0x0 ../twod_IDCT_01_bsp/\libhal_bsp.a(alt_icache_flush_all.o)
 .bss           0x0000000000001e78        0x0 ../twod_IDCT_01_bsp/\libhal_bsp.a(alt_iic.o)
 .bss           0x0000000000001e78        0x0 ../twod_IDCT_01_bsp/\libhal_bsp.a(alt_iic_isr_register.o)
 .bss           0x0000000000001e78        0x0 ../twod_IDCT_01_bsp/\libhal_bsp.a(alt_io_redirect.o)
 .bss           0x0000000000001e78        0x0 ../twod_IDCT_01_bsp/\libhal_bsp.a(alt_irq_entry.o)
 .bss           0x0000000000001e78        0x0 ../twod_IDCT_01_bsp/\libhal_bsp.a(alt_irq_handler.o)
 .bss           0x0000000000001e78        0x0 ../twod_IDCT_01_bsp/\libhal_bsp.a(alt_irq_vars.o)
 .bss           0x0000000000001e78        0x0 ../twod_IDCT_01_bsp/\libhal_bsp.a(alt_open.o)
 .bss           0x0000000000001e78        0x0 ../twod_IDCT_01_bsp/\libhal_bsp.a(alt_printf.o)
 .bss           0x0000000000001e78        0x0 ../twod_IDCT_01_bsp/\libhal_bsp.a(alt_putchar.o)
 .bss           0x0000000000001e78        0x0 ../twod_IDCT_01_bsp/\libhal_bsp.a(alt_tick.o)
 .bss           0x0000000000001e78        0x0 ../twod_IDCT_01_bsp/\libhal_bsp.a(altera_nios2_gen2_irq.o)
 .bss           0x0000000000001e78        0x0 ../twod_IDCT_01_bsp/\libhal_bsp.a(alt_exception_entry.o)
 .bss           0x0000000000001e78        0x0 ../twod_IDCT_01_bsp/\libhal_bsp.a(alt_find_file.o)
 .bss           0x0000000000001e78        0x0 ../twod_IDCT_01_bsp/\libhal_bsp.a(alt_get_fd.o)
 .bss           0x0000000000001e78        0x0 ../twod_IDCT_01_bsp/\libhal_bsp.a(alt_icache_flush.o)
 .bss           0x0000000000001e78        0x0 ../twod_IDCT_01_bsp/\libhal_bsp.a(alt_instruction_exception_entry.o)
 .bss           0x0000000000001e78        0x0 c:/software/altera/15.1/nios2eds/bin/gnu/h-x86_64-mingw32/bin/../lib/gcc/nios2-elf/4.9.2/../../../../../H-x86_64-mingw32/nios2-elf/lib\libc.a(lib_a-atexit.o)
 .bss           0x0000000000001e78        0x0 c:/software/altera/15.1/nios2eds/bin/gnu/h-x86_64-mingw32/bin/../lib/gcc/nios2-elf/4.9.2/../../../../../H-x86_64-mingw32/nios2-elf/lib\libc.a(lib_a-exit.o)
 .bss           0x0000000000001e78        0x0 c:/software/altera/15.1/nios2eds/bin/gnu/h-x86_64-mingw32/bin/../lib/gcc/nios2-elf/4.9.2/../../../../../H-x86_64-mingw32/nios2-elf/lib\libc.a(lib_a-memcmp.o)
 .bss           0x0000000000001e78        0x0 c:/software/altera/15.1/nios2eds/bin/gnu/h-x86_64-mingw32/bin/../lib/gcc/nios2-elf/4.9.2/../../../../../H-x86_64-mingw32/nios2-elf/lib\libc.a(lib_a-putc.o)
 .bss           0x0000000000001e78        0x0 c:/software/altera/15.1/nios2eds/bin/gnu/h-x86_64-mingw32/bin/../lib/gcc/nios2-elf/4.9.2/../../../../../H-x86_64-mingw32/nios2-elf/lib\libc.a(lib_a-wbuf.o)
 .bss           0x0000000000001e78        0x0 c:/software/altera/15.1/nios2eds/bin/gnu/h-x86_64-mingw32/bin/../lib/gcc/nios2-elf/4.9.2/../../../../../H-x86_64-mingw32/nios2-elf/lib\libc.a(lib_a-__atexit.o)
 .bss           0x0000000000001e78        0x0 c:/software/altera/15.1/nios2eds/bin/gnu/h-x86_64-mingw32/bin/../lib/gcc/nios2-elf/4.9.2/../../../../../H-x86_64-mingw32/nios2-elf/lib\libc.a(lib_a-__call_atexit.o)
 .bss           0x0000000000001e78        0x0 ../twod_IDCT_01_bsp/\libhal_bsp.a(alt_exit.o)
 *(COMMON)
 COMMON         0x0000000000001e78      0x100 ../twod_IDCT_01_bsp/\libhal_bsp.a(alt_irq_handler.o)
                0x0000000000001e78                alt_irq
                0x0000000000001f78                . = ALIGN (0x4)
                0x0000000000001f78                __bss_end = ABSOLUTE (.)

.lpddr2         0x0000000000001f78        0x0 load address 0x0000000020089b64
                0x0000000000001f78                PROVIDE (_alt_partition_lpddr2_start, ABSOLUTE (.))
 *(.lpddr2 .lpddr2. lpddr2.*)
                0x0000000000001f78                . = ALIGN (0x4)
                0x0000000000001f78                PROVIDE (_alt_partition_lpddr2_end, ABSOLUTE (.))
                0x0000000000001f78                _end = ABSOLUTE (.)
                0x0000000000001f78                end = ABSOLUTE (.)
                0x0000000000001f78                __alt_stack_base = ABSOLUTE (.)
                0x0000000020089b64                PROVIDE (_alt_partition_lpddr2_load_addr, LOADADDR (.lpddr2))

.sram           0x0000000020089b64        0x0
                0x0000000020089b64                PROVIDE (_alt_partition_sram_start, ABSOLUTE (.))
 *(.sram .sram. sram.*)
                0x0000000020089b64                . = ALIGN (0x4)
                0x0000000020089b64                PROVIDE (_alt_partition_sram_end, ABSOLUTE (.))
                0x0000000020089b64                PROVIDE (_alt_partition_sram_load_addr, LOADADDR (.sram))

.stab
 *(.stab)

.stabstr
 *(.stabstr)

.stab.excl
 *(.stab.excl)

.stab.exclstr
 *(.stab.exclstr)

.stab.index
 *(.stab.index)

.stab.indexstr
 *(.stab.indexstr)

.comment        0x0000000000000000       0x23
 *(.comment)
 .comment       0x0000000000000000       0x23 obj/default/hello_world.o
                                         0x24 (size before relaxing)
 .comment       0x0000000000000000       0x24 c:/software/altera/15.1/nios2eds/bin/gnu/h-x86_64-mingw32/bin/../lib/gcc/nios2-elf/4.9.2/../../../../../H-x86_64-mingw32/nios2-elf/lib\libc.a(lib_a-puts.o)
 .comment       0x0000000000000000       0x24 c:/software/altera/15.1/nios2eds/bin/gnu/h-x86_64-mingw32/bin/../lib/gcc/nios2-elf/4.9.2/../../../../../H-x86_64-mingw32/nios2-elf/lib\libc.a(lib_a-strlen.o)
 .comment       0x0000000000000000       0x24 c:/software/altera/15.1/nios2eds/bin/gnu/h-x86_64-mingw32/bin/../lib/gcc/nios2-elf/4.9.2/../../../../../H-x86_64-mingw32/nios2-elf/lib\libc.a(lib_a-fvwrite.o)
 .comment       0x0000000000000000       0x24 c:/software/altera/15.1/nios2eds/bin/gnu/h-x86_64-mingw32/bin/../lib/gcc/nios2-elf/4.9.2/../../../../../H-x86_64-mingw32/nios2-elf/lib\libc.a(lib_a-impure.o)
 .comment       0x0000000000000000       0x24 c:/software/altera/15.1/nios2eds/bin/gnu/h-x86_64-mingw32/bin/../lib/gcc/nios2-elf/4.9.2/../../../../../H-x86_64-mingw32/nios2-elf/lib\libc.a(lib_a-mallocr.o)
 .comment       0x0000000000000000       0x24 c:/software/altera/15.1/nios2eds/bin/gnu/h-x86_64-mingw32/bin/../lib/gcc/nios2-elf/4.9.2/../../../../../H-x86_64-mingw32/nios2-elf/lib\libc.a(lib_a-memchr.o)
 .comment       0x0000000000000000       0x24 c:/software/altera/15.1/nios2eds/bin/gnu/h-x86_64-mingw32/bin/../lib/gcc/nios2-elf/4.9.2/../../../../../H-x86_64-mingw32/nios2-elf/lib\libc.a(lib_a-memcpy.o)
 .comment       0x0000000000000000       0x24 c:/software/altera/15.1/nios2eds/bin/gnu/h-x86_64-mingw32/bin/../lib/gcc/nios2-elf/4.9.2/../../../../../H-x86_64-mingw32/nios2-elf/lib\libc.a(lib_a-memmove.o)
 .comment       0x0000000000000000       0x24 c:/software/altera/15.1/nios2eds/bin/gnu/h-x86_64-mingw32/bin/../lib/gcc/nios2-elf/4.9.2/../../../../../H-x86_64-mingw32/nios2-elf/lib\libc.a(lib_a-reallocr.o)
 .comment       0x0000000000000000       0x24 c:/software/altera/15.1/nios2eds/bin/gnu/h-x86_64-mingw32/bin/../lib/gcc/nios2-elf/4.9.2/../../../../../H-x86_64-mingw32/nios2-elf/lib\libc.a(lib_a-sbrkr.o)
 .comment       0x0000000000000000       0x24 c:/software/altera/15.1/nios2eds/bin/gnu/h-x86_64-mingw32/bin/../lib/gcc/nios2-elf/4.9.2/../../../../../H-x86_64-mingw32/nios2-elf/lib\libc.a(lib_a-wsetup.o)
 .comment       0x0000000000000000       0x24 c:/software/altera/15.1/nios2eds/bin/gnu/h-x86_64-mingw32/bin/../lib/gcc/nios2-elf/4.9.2/../../../../../H-x86_64-mingw32/nios2-elf/lib\libc.a(lib_a-fflush.o)
 .comment       0x0000000000000000       0x24 c:/software/altera/15.1/nios2eds/bin/gnu/h-x86_64-mingw32/bin/../lib/gcc/nios2-elf/4.9.2/../../../../../H-x86_64-mingw32/nios2-elf/lib\libc.a(lib_a-findfp.o)
 .comment       0x0000000000000000       0x24 c:/software/altera/15.1/nios2eds/bin/gnu/h-x86_64-mingw32/bin/../lib/gcc/nios2-elf/4.9.2/../../../../../H-x86_64-mingw32/nios2-elf/lib\libc.a(lib_a-freer.o)
 .comment       0x0000000000000000       0x24 c:/software/altera/15.1/nios2eds/bin/gnu/h-x86_64-mingw32/bin/../lib/gcc/nios2-elf/4.9.2/../../../../../H-x86_64-mingw32/nios2-elf/lib\libc.a(lib_a-fwalk.o)
 .comment       0x0000000000000000       0x24 c:/software/altera/15.1/nios2eds/bin/gnu/h-x86_64-mingw32/bin/../lib/gcc/nios2-elf/4.9.2/../../../../../H-x86_64-mingw32/nios2-elf/lib\libc.a(lib_a-int_errno.o)
 .comment       0x0000000000000000       0x24 c:/software/altera/15.1/nios2eds/bin/gnu/h-x86_64-mingw32/bin/../lib/gcc/nios2-elf/4.9.2/../../../../../H-x86_64-mingw32/nios2-elf/lib\libc.a(lib_a-makebuf.o)
 .comment       0x0000000000000000       0x24 c:/software/altera/15.1/nios2eds/bin/gnu/h-x86_64-mingw32/bin/../lib/gcc/nios2-elf/4.9.2/../../../../../H-x86_64-mingw32/nios2-elf/lib\libc.a(lib_a-memset.o)
 .comment       0x0000000000000000       0x24 c:/software/altera/15.1/nios2eds/bin/gnu/h-x86_64-mingw32/bin/../lib/gcc/nios2-elf/4.9.2/../../../../../H-x86_64-mingw32/nios2-elf/lib\libc.a(lib_a-stdio.o)
 .comment       0x0000000000000000       0x24 c:/software/altera/15.1/nios2eds/bin/gnu/h-x86_64-mingw32/bin/../lib/gcc/nios2-elf/4.9.2/../../../../../H-x86_64-mingw32/nios2-elf/lib\libc.a(lib_a-writer.o)
 .comment       0x0000000000000000       0x24 c:/software/altera/15.1/nios2eds/bin/gnu/h-x86_64-mingw32/bin/../lib/gcc/nios2-elf/4.9.2/../../../../../H-x86_64-mingw32/nios2-elf/lib\libc.a(closer.o)
 .comment       0x0000000000000000       0x24 c:/software/altera/15.1/nios2eds/bin/gnu/h-x86_64-mingw32/bin/../lib/gcc/nios2-elf/4.9.2/../../../../../H-x86_64-mingw32/nios2-elf/lib\libc.a(lib_a-fclose.o)
 .comment       0x0000000000000000       0x24 c:/software/altera/15.1/nios2eds/bin/gnu/h-x86_64-mingw32/bin/../lib/gcc/nios2-elf/4.9.2/../../../../../H-x86_64-mingw32/nios2-elf/lib\libc.a(lib_a-fstatr.o)
 .comment       0x0000000000000000       0x24 c:/software/altera/15.1/nios2eds/bin/gnu/h-x86_64-mingw32/bin/../lib/gcc/nios2-elf/4.9.2/../../../../../H-x86_64-mingw32/nios2-elf/lib\libc.a(lib_a-isattyr.o)
 .comment       0x0000000000000000       0x24 c:/software/altera/15.1/nios2eds/bin/gnu/h-x86_64-mingw32/bin/../lib/gcc/nios2-elf/4.9.2/../../../../../H-x86_64-mingw32/nios2-elf/lib\libc.a(lib_a-lseekr.o)
 .comment       0x0000000000000000       0x24 c:/software/altera/15.1/nios2eds/bin/gnu/h-x86_64-mingw32/bin/../lib/gcc/nios2-elf/4.9.2/../../../../../H-x86_64-mingw32/nios2-elf/lib\libc.a(lib_a-readr.o)
 .comment       0x0000000000000000       0x24 c:/software/altera/15.1/nios2eds/bin/gnu/h-x86_64-mingw32/bin/../lib/gcc/nios2-elf/4.9.2\libgcc.a(lib2-divmod.o)
 .comment       0x0000000000000000       0x24 ../twod_IDCT_01_bsp/\libhal_bsp.a(alt_close.o)
 .comment       0x0000000000000000       0x24 ../twod_IDCT_01_bsp/\libhal_bsp.a(alt_dev.o)
 .comment       0x0000000000000000       0x24 ../twod_IDCT_01_bsp/\libhal_bsp.a(alt_errno.o)
 .comment       0x0000000000000000       0x24 ../twod_IDCT_01_bsp/\libhal_bsp.a(alt_fstat.o)
 .comment       0x0000000000000000       0x24 ../twod_IDCT_01_bsp/\libhal_bsp.a(alt_isatty.o)
 .comment       0x0000000000000000       0x24 ../twod_IDCT_01_bsp/\libhal_bsp.a(alt_load.o)
 .comment       0x0000000000000000       0x24 ../twod_IDCT_01_bsp/\libhal_bsp.a(alt_lseek.o)
 .comment       0x0000000000000000       0x24 ../twod_IDCT_01_bsp/\libhal_bsp.a(alt_main.o)
 .comment       0x0000000000000000       0x24 ../twod_IDCT_01_bsp/\libhal_bsp.a(alt_malloc_lock.o)
 .comment       0x0000000000000000       0x24 ../twod_IDCT_01_bsp/\libhal_bsp.a(alt_read.o)
 .comment       0x0000000000000000       0x24 ../twod_IDCT_01_bsp/\libhal_bsp.a(alt_release_fd.o)
 .comment       0x0000000000000000       0x24 ../twod_IDCT_01_bsp/\libhal_bsp.a(alt_sbrk.o)
 .comment       0x0000000000000000       0x24 ../twod_IDCT_01_bsp/\libhal_bsp.a(alt_write.o)
 .comment       0x0000000000000000       0x24 ../twod_IDCT_01_bsp/\libhal_bsp.a(alt_sys_init.o)
 .comment       0x0000000000000000       0x24 ../twod_IDCT_01_bsp/\libhal_bsp.a(altera_avalon_jtag_uart_fd.o)
 .comment       0x0000000000000000       0x24 ../twod_IDCT_01_bsp/\libhal_bsp.a(altera_avalon_jtag_uart_init.o)
 .comment       0x0000000000000000       0x24 ../twod_IDCT_01_bsp/\libhal_bsp.a(altera_avalon_jtag_uart_ioctl.o)
 .comment       0x0000000000000000       0x24 ../twod_IDCT_01_bsp/\libhal_bsp.a(altera_avalon_jtag_uart_read.o)
 .comment       0x0000000000000000       0x24 ../twod_IDCT_01_bsp/\libhal_bsp.a(altera_avalon_jtag_uart_write.o)
 .comment       0x0000000000000000       0x24 ../twod_IDCT_01_bsp/\libhal_bsp.a(altera_avalon_timer_sc.o)
 .comment       0x0000000000000000       0x24 ../twod_IDCT_01_bsp/\libhal_bsp.a(altera_msgdma.o)
 .comment       0x0000000000000000       0x24 ../twod_IDCT_01_bsp/\libhal_bsp.a(alt_alarm_start.o)
 .comment       0x0000000000000000       0x24 ../twod_IDCT_01_bsp/\libhal_bsp.a(alt_busy_sleep.o)
 .comment       0x0000000000000000       0x24 ../twod_IDCT_01_bsp/\libhal_bsp.a(alt_dcache_flush_all.o)
 .comment       0x0000000000000000       0x24 ../twod_IDCT_01_bsp/\libhal_bsp.a(alt_dev_llist_insert.o)
 .comment       0x0000000000000000       0x24 ../twod_IDCT_01_bsp/\libhal_bsp.a(alt_do_ctors.o)
 .comment       0x0000000000000000       0x24 ../twod_IDCT_01_bsp/\libhal_bsp.a(alt_do_dtors.o)
 .comment       0x0000000000000000       0x24 ../twod_IDCT_01_bsp/\libhal_bsp.a(alt_find_dev.o)
 .comment       0x0000000000000000       0x24 ../twod_IDCT_01_bsp/\libhal_bsp.a(alt_icache_flush_all.o)
 .comment       0x0000000000000000       0x24 ../twod_IDCT_01_bsp/\libhal_bsp.a(alt_iic.o)
 .comment       0x0000000000000000       0x24 ../twod_IDCT_01_bsp/\libhal_bsp.a(alt_iic_isr_register.o)
 .comment       0x0000000000000000       0x24 ../twod_IDCT_01_bsp/\libhal_bsp.a(alt_io_redirect.o)
 .comment       0x0000000000000000       0x24 ../twod_IDCT_01_bsp/\libhal_bsp.a(alt_irq_handler.o)
 .comment       0x0000000000000000       0x24 ../twod_IDCT_01_bsp/\libhal_bsp.a(alt_irq_vars.o)
 .comment       0x0000000000000000       0x24 ../twod_IDCT_01_bsp/\libhal_bsp.a(alt_open.o)
 .comment       0x0000000000000000       0x24 ../twod_IDCT_01_bsp/\libhal_bsp.a(alt_printf.o)
 .comment       0x0000000000000000       0x24 ../twod_IDCT_01_bsp/\libhal_bsp.a(alt_putchar.o)
 .comment       0x0000000000000000       0x24 ../twod_IDCT_01_bsp/\libhal_bsp.a(alt_tick.o)
 .comment       0x0000000000000000       0x24 ../twod_IDCT_01_bsp/\libhal_bsp.a(altera_nios2_gen2_irq.o)
 .comment       0x0000000000000000       0x24 ../twod_IDCT_01_bsp/\libhal_bsp.a(alt_find_file.o)
 .comment       0x0000000000000000       0x24 ../twod_IDCT_01_bsp/\libhal_bsp.a(alt_get_fd.o)
 .comment       0x0000000000000000       0x24 ../twod_IDCT_01_bsp/\libhal_bsp.a(alt_icache_flush.o)
 .comment       0x0000000000000000       0x24 ../twod_IDCT_01_bsp/\libhal_bsp.a(alt_instruction_exception_entry.o)
 .comment       0x0000000000000000       0x24 c:/software/altera/15.1/nios2eds/bin/gnu/h-x86_64-mingw32/bin/../lib/gcc/nios2-elf/4.9.2/../../../../../H-x86_64-mingw32/nios2-elf/lib\libc.a(lib_a-atexit.o)
 .comment       0x0000000000000000       0x24 c:/software/altera/15.1/nios2eds/bin/gnu/h-x86_64-mingw32/bin/../lib/gcc/nios2-elf/4.9.2/../../../../../H-x86_64-mingw32/nios2-elf/lib\libc.a(lib_a-exit.o)
 .comment       0x0000000000000000       0x24 c:/software/altera/15.1/nios2eds/bin/gnu/h-x86_64-mingw32/bin/../lib/gcc/nios2-elf/4.9.2/../../../../../H-x86_64-mingw32/nios2-elf/lib\libc.a(lib_a-memcmp.o)
 .comment       0x0000000000000000       0x24 c:/software/altera/15.1/nios2eds/bin/gnu/h-x86_64-mingw32/bin/../lib/gcc/nios2-elf/4.9.2/../../../../../H-x86_64-mingw32/nios2-elf/lib\libc.a(lib_a-putc.o)
 .comment       0x0000000000000000       0x24 c:/software/altera/15.1/nios2eds/bin/gnu/h-x86_64-mingw32/bin/../lib/gcc/nios2-elf/4.9.2/../../../../../H-x86_64-mingw32/nios2-elf/lib\libc.a(lib_a-wbuf.o)
 .comment       0x0000000000000000       0x24 c:/software/altera/15.1/nios2eds/bin/gnu/h-x86_64-mingw32/bin/../lib/gcc/nios2-elf/4.9.2/../../../../../H-x86_64-mingw32/nios2-elf/lib\libc.a(lib_a-__atexit.o)
 .comment       0x0000000000000000       0x24 c:/software/altera/15.1/nios2eds/bin/gnu/h-x86_64-mingw32/bin/../lib/gcc/nios2-elf/4.9.2/../../../../../H-x86_64-mingw32/nios2-elf/lib\libc.a(lib_a-__call_atexit.o)
 .comment       0x0000000000000000       0x24 ../twod_IDCT_01_bsp/\libhal_bsp.a(alt_exit.o)

.debug
 *(.debug)

.line
 *(.line)

.debug_srcinfo
 *(.debug_srcinfo)

.debug_sfnames
 *(.debug_sfnames)

.debug_aranges  0x0000000000000000      0xb20
 *(.debug_aranges)
 .debug_aranges
                0x0000000000000000       0x28 ../twod_IDCT_01_bsp//obj/HAL/src/crt0.o
 .debug_aranges
                0x0000000000000028       0x20 obj/default/hello_world.o
 .debug_aranges
                0x0000000000000048       0x28 c:/software/altera/15.1/nios2eds/bin/gnu/h-x86_64-mingw32/bin/../lib/gcc/nios2-elf/4.9.2/../../../../../H-x86_64-mingw32/nios2-elf/lib\libc.a(lib_a-puts.o)
 .debug_aranges
                0x0000000000000070       0x20 c:/software/altera/15.1/nios2eds/bin/gnu/h-x86_64-mingw32/bin/../lib/gcc/nios2-elf/4.9.2/../../../../../H-x86_64-mingw32/nios2-elf/lib\libc.a(lib_a-strlen.o)
 .debug_aranges
                0x0000000000000090       0x20 c:/software/altera/15.1/nios2eds/bin/gnu/h-x86_64-mingw32/bin/../lib/gcc/nios2-elf/4.9.2/../../../../../H-x86_64-mingw32/nios2-elf/lib\libc.a(lib_a-fvwrite.o)
 .debug_aranges
                0x00000000000000b0       0x18 c:/software/altera/15.1/nios2eds/bin/gnu/h-x86_64-mingw32/bin/../lib/gcc/nios2-elf/4.9.2/../../../../../H-x86_64-mingw32/nios2-elf/lib\libc.a(lib_a-impure.o)
 .debug_aranges
                0x00000000000000c8       0x20 c:/software/altera/15.1/nios2eds/bin/gnu/h-x86_64-mingw32/bin/../lib/gcc/nios2-elf/4.9.2/../../../../../H-x86_64-mingw32/nios2-elf/lib\libc.a(lib_a-mallocr.o)
 .debug_aranges
                0x00000000000000e8       0x20 c:/software/altera/15.1/nios2eds/bin/gnu/h-x86_64-mingw32/bin/../lib/gcc/nios2-elf/4.9.2/../../../../../H-x86_64-mingw32/nios2-elf/lib\libc.a(lib_a-memchr.o)
 .debug_aranges
                0x0000000000000108       0x20 c:/software/altera/15.1/nios2eds/bin/gnu/h-x86_64-mingw32/bin/../lib/gcc/nios2-elf/4.9.2/../../../../../H-x86_64-mingw32/nios2-elf/lib\libc.a(lib_a-memcpy.o)
 .debug_aranges
                0x0000000000000128       0x20 c:/software/altera/15.1/nios2eds/bin/gnu/h-x86_64-mingw32/bin/../lib/gcc/nios2-elf/4.9.2/../../../../../H-x86_64-mingw32/nios2-elf/lib\libc.a(lib_a-memmove.o)
 .debug_aranges
                0x0000000000000148       0x20 c:/software/altera/15.1/nios2eds/bin/gnu/h-x86_64-mingw32/bin/../lib/gcc/nios2-elf/4.9.2/../../../../../H-x86_64-mingw32/nios2-elf/lib\libc.a(lib_a-reallocr.o)
 .debug_aranges
                0x0000000000000168       0x20 c:/software/altera/15.1/nios2eds/bin/gnu/h-x86_64-mingw32/bin/../lib/gcc/nios2-elf/4.9.2/../../../../../H-x86_64-mingw32/nios2-elf/lib\libc.a(lib_a-sbrkr.o)
 .debug_aranges
                0x0000000000000188       0x20 c:/software/altera/15.1/nios2eds/bin/gnu/h-x86_64-mingw32/bin/../lib/gcc/nios2-elf/4.9.2/../../../../../H-x86_64-mingw32/nios2-elf/lib\libc.a(lib_a-wsetup.o)
 .debug_aranges
                0x00000000000001a8       0x30 c:/software/altera/15.1/nios2eds/bin/gnu/h-x86_64-mingw32/bin/../lib/gcc/nios2-elf/4.9.2/../../../../../H-x86_64-mingw32/nios2-elf/lib\libc.a(lib_a-fflush.o)
 .debug_aranges
                0x00000000000001d8       0x88 c:/software/altera/15.1/nios2eds/bin/gnu/h-x86_64-mingw32/bin/../lib/gcc/nios2-elf/4.9.2/../../../../../H-x86_64-mingw32/nios2-elf/lib\libc.a(lib_a-findfp.o)
 .debug_aranges
                0x0000000000000260       0x28 c:/software/altera/15.1/nios2eds/bin/gnu/h-x86_64-mingw32/bin/../lib/gcc/nios2-elf/4.9.2/../../../../../H-x86_64-mingw32/nios2-elf/lib\libc.a(lib_a-freer.o)
 .debug_aranges
                0x0000000000000288       0x28 c:/software/altera/15.1/nios2eds/bin/gnu/h-x86_64-mingw32/bin/../lib/gcc/nios2-elf/4.9.2/../../../../../H-x86_64-mingw32/nios2-elf/lib\libc.a(lib_a-fwalk.o)
 .debug_aranges
                0x00000000000002b0       0x18 c:/software/altera/15.1/nios2eds/bin/gnu/h-x86_64-mingw32/bin/../lib/gcc/nios2-elf/4.9.2/../../../../../H-x86_64-mingw32/nios2-elf/lib\libc.a(lib_a-int_errno.o)
 .debug_aranges
                0x00000000000002c8       0x20 c:/software/altera/15.1/nios2eds/bin/gnu/h-x86_64-mingw32/bin/../lib/gcc/nios2-elf/4.9.2/../../../../../H-x86_64-mingw32/nios2-elf/lib\libc.a(lib_a-makebuf.o)
 .debug_aranges
                0x00000000000002e8       0x20 c:/software/altera/15.1/nios2eds/bin/gnu/h-x86_64-mingw32/bin/../lib/gcc/nios2-elf/4.9.2/../../../../../H-x86_64-mingw32/nios2-elf/lib\libc.a(lib_a-memset.o)
 .debug_aranges
                0x0000000000000308       0x40 c:/software/altera/15.1/nios2eds/bin/gnu/h-x86_64-mingw32/bin/../lib/gcc/nios2-elf/4.9.2/../../../../../H-x86_64-mingw32/nios2-elf/lib\libc.a(lib_a-stdio.o)
 .debug_aranges
                0x0000000000000348       0x20 c:/software/altera/15.1/nios2eds/bin/gnu/h-x86_64-mingw32/bin/../lib/gcc/nios2-elf/4.9.2/../../../../../H-x86_64-mingw32/nios2-elf/lib\libc.a(lib_a-writer.o)
 .debug_aranges
                0x0000000000000368       0x20 c:/software/altera/15.1/nios2eds/bin/gnu/h-x86_64-mingw32/bin/../lib/gcc/nios2-elf/4.9.2/../../../../../H-x86_64-mingw32/nios2-elf/lib\libc.a(closer.o)
 .debug_aranges
                0x0000000000000388       0x28 c:/software/altera/15.1/nios2eds/bin/gnu/h-x86_64-mingw32/bin/../lib/gcc/nios2-elf/4.9.2/../../../../../H-x86_64-mingw32/nios2-elf/lib\libc.a(lib_a-fclose.o)
 .debug_aranges
                0x00000000000003b0       0x20 c:/software/altera/15.1/nios2eds/bin/gnu/h-x86_64-mingw32/bin/../lib/gcc/nios2-elf/4.9.2/../../../../../H-x86_64-mingw32/nios2-elf/lib\libc.a(lib_a-fstatr.o)
 .debug_aranges
                0x00000000000003d0       0x20 c:/software/altera/15.1/nios2eds/bin/gnu/h-x86_64-mingw32/bin/../lib/gcc/nios2-elf/4.9.2/../../../../../H-x86_64-mingw32/nios2-elf/lib\libc.a(lib_a-isattyr.o)
 .debug_aranges
                0x00000000000003f0       0x20 c:/software/altera/15.1/nios2eds/bin/gnu/h-x86_64-mingw32/bin/../lib/gcc/nios2-elf/4.9.2/../../../../../H-x86_64-mingw32/nios2-elf/lib\libc.a(lib_a-lseekr.o)
 .debug_aranges
                0x0000000000000410       0x20 c:/software/altera/15.1/nios2eds/bin/gnu/h-x86_64-mingw32/bin/../lib/gcc/nios2-elf/4.9.2/../../../../../H-x86_64-mingw32/nios2-elf/lib\libc.a(lib_a-readr.o)
 .debug_aranges
                0x0000000000000430       0x20 c:/software/altera/15.1/nios2eds/bin/gnu/h-x86_64-mingw32/bin/../lib/gcc/nios2-elf/4.9.2\libgcc.a(lib2-divmod.o)
 .debug_aranges
                0x0000000000000450       0x20 ../twod_IDCT_01_bsp/\libhal_bsp.a(alt_close.o)
 .debug_aranges
                0x0000000000000470       0x20 ../twod_IDCT_01_bsp/\libhal_bsp.a(alt_dev.o)
 .debug_aranges
                0x0000000000000490       0x18 ../twod_IDCT_01_bsp/\libhal_bsp.a(alt_errno.o)
 .debug_aranges
                0x00000000000004a8       0x20 ../twod_IDCT_01_bsp/\libhal_bsp.a(alt_fstat.o)
 .debug_aranges
                0x00000000000004c8       0x20 ../twod_IDCT_01_bsp/\libhal_bsp.a(alt_isatty.o)
 .debug_aranges
                0x00000000000004e8       0x20 ../twod_IDCT_01_bsp/\libhal_bsp.a(alt_load.o)
 .debug_aranges
                0x0000000000000508       0x20 ../twod_IDCT_01_bsp/\libhal_bsp.a(alt_lseek.o)
 .debug_aranges
                0x0000000000000528       0x20 ../twod_IDCT_01_bsp/\libhal_bsp.a(alt_main.o)
 .debug_aranges
                0x0000000000000548       0x20 ../twod_IDCT_01_bsp/\libhal_bsp.a(alt_malloc_lock.o)
 .debug_aranges
                0x0000000000000568       0x20 ../twod_IDCT_01_bsp/\libhal_bsp.a(alt_read.o)
 .debug_aranges
                0x0000000000000588       0x20 ../twod_IDCT_01_bsp/\libhal_bsp.a(alt_release_fd.o)
 .debug_aranges
                0x00000000000005a8       0x20 ../twod_IDCT_01_bsp/\libhal_bsp.a(alt_sbrk.o)
 .debug_aranges
                0x00000000000005c8       0x20 ../twod_IDCT_01_bsp/\libhal_bsp.a(alt_write.o)
 .debug_aranges
                0x00000000000005e8       0x20 ../twod_IDCT_01_bsp/\libhal_bsp.a(alt_sys_init.o)
 .debug_aranges
                0x0000000000000608       0x20 ../twod_IDCT_01_bsp/\libhal_bsp.a(altera_avalon_jtag_uart_fd.o)
 .debug_aranges
                0x0000000000000628       0x20 ../twod_IDCT_01_bsp/\libhal_bsp.a(altera_avalon_jtag_uart_init.o)
 .debug_aranges
                0x0000000000000648       0x20 ../twod_IDCT_01_bsp/\libhal_bsp.a(altera_avalon_jtag_uart_ioctl.o)
 .debug_aranges
                0x0000000000000668       0x20 ../twod_IDCT_01_bsp/\libhal_bsp.a(altera_avalon_jtag_uart_read.o)
 .debug_aranges
                0x0000000000000688       0x20 ../twod_IDCT_01_bsp/\libhal_bsp.a(altera_avalon_jtag_uart_write.o)
 .debug_aranges
                0x00000000000006a8       0x20 ../twod_IDCT_01_bsp/\libhal_bsp.a(altera_avalon_timer_sc.o)
 .debug_aranges
                0x00000000000006c8       0x20 ../twod_IDCT_01_bsp/\libhal_bsp.a(altera_msgdma.o)
 .debug_aranges